Archive member included to satisfy reference by file (symbol)

c:/program files/microchip/xc32/v3.00/bin/bin/../../lib/gcc/pic32c/8.3.1/../../../../pic32c/lib/thumb/v7e-m+fp/hard\libpic32c.a(data_init.o)
                              build/sam_e51_cnano/production/_ext/570918426/startup_xc32.o (__pic32c_data_initialization)
c:/program files/microchip/xc32/v3.00/bin/bin/../../lib/gcc/pic32c/8.3.1/thumb/v7e-m+fp/hard\libgcc.a(_aeabi_uldivmod.o)
                              build/sam_e51_cnano/production/_ext/314480351/plib_sercom5_usart.o (__aeabi_uldivmod)
c:/program files/microchip/xc32/v3.00/bin/bin/../../lib/gcc/pic32c/8.3.1/thumb/v7e-m+fp/hard\libgcc.a(_udivmoddi4.o)
                              c:/program files/microchip/xc32/v3.00/bin/bin/../../lib/gcc/pic32c/8.3.1/thumb/v7e-m+fp/hard\libgcc.a(_aeabi_uldivmod.o) (__udivmoddi4)
c:/program files/microchip/xc32/v3.00/bin/bin/../../lib/gcc/pic32c/8.3.1/thumb/v7e-m+fp/hard\libgcc.a(_dvmd_tls.o)
                              c:/program files/microchip/xc32/v3.00/bin/bin/../../lib/gcc/pic32c/8.3.1/thumb/v7e-m+fp/hard\libgcc.a(_aeabi_uldivmod.o) (__aeabi_ldiv0)
c:/program files/microchip/xc32/v3.00/bin/bin/../../lib/gcc/pic32c/8.3.1/../../../../pic32c/lib/thumb/v7e-m+fp/hard\libc_nano.a(_lib_a-sprintf.s.o)
                              (_sprintf_s)
c:/program files/microchip/xc32/v3.00/bin/bin/../../lib/gcc/pic32c/8.3.1/../../../../pic32c/lib/thumb/v7e-m+fp/hard\libc_nano.a(lib_a-init.o)
                              build/sam_e51_cnano/production/_ext/570918426/startup_xc32.o (__libc_init_array)
c:/program files/microchip/xc32/v3.00/bin/bin/../../lib/gcc/pic32c/8.3.1/../../../../pic32c/lib/thumb/v7e-m+fp/hard\libc_nano.a(lib_a-memcpy-stub.o)
                              build/sam_e51_cnano/production/_ext/226030394/plib_nvmctrl.o (memcpy)
c:/program files/microchip/xc32/v3.00/bin/bin/../../lib/gcc/pic32c/8.3.1/../../../../pic32c/lib/thumb/v7e-m+fp/hard\libc_nano.a(lib_a-memset.o)
                              build/sam_e51_cnano/production/_ext/1360937237/main_sam_e51_cnano.o (memset)
c:/program files/microchip/xc32/v3.00/bin/bin/../../lib/gcc/pic32c/8.3.1/../../../../pic32c/lib/thumb/v7e-m+fp/hard\libc_nano.a(lib_a-strlen.o)
                              build/sam_e51_cnano/production/_ext/1360937237/main_sam_e51_cnano.o (strlen)
c:/program files/microchip/xc32/v3.00/bin/bin/../../lib/gcc/pic32c/8.3.1/../../../../pic32c/lib/thumb/v7e-m+fp/hard\libc_nano.a(_lib_a-nano-vfprintf.s.o)
                              c:/program files/microchip/xc32/v3.00/bin/bin/../../lib/gcc/pic32c/8.3.1/../../../../pic32c/lib/thumb/v7e-m+fp/hard\libc_nano.a(_lib_a-sprintf.s.o) (_vfprintf_s)
c:/program files/microchip/xc32/v3.00/bin/bin/../../lib/gcc/pic32c/8.3.1/../../../../pic32c/lib/thumb/v7e-m+fp/hard\libc_nano.a(lib_a-__ssfputs.o)
                              c:/program files/microchip/xc32/v3.00/bin/bin/../../lib/gcc/pic32c/8.3.1/../../../../pic32c/lib/thumb/v7e-m+fp/hard\libc_nano.a(_lib_a-nano-vfprintf.s.o) (__ssfputs_r)
c:/program files/microchip/xc32/v3.00/bin/bin/../../lib/gcc/pic32c/8.3.1/../../../../pic32c/lib/thumb/v7e-m+fp/hard\libc_nano.a(lib_a-findfp.o)
                              c:/program files/microchip/xc32/v3.00/bin/bin/../../lib/gcc/pic32c/8.3.1/../../../../pic32c/lib/thumb/v7e-m+fp/hard\libc_nano.a(_lib_a-nano-vfprintf.s.o) (__sinit)
c:/program files/microchip/xc32/v3.00/bin/bin/../../lib/gcc/pic32c/8.3.1/../../../../pic32c/lib/thumb/v7e-m+fp/hard\libc_nano.a(lib_a-fputwc.o)
                              c:/program files/microchip/xc32/v3.00/bin/bin/../../lib/gcc/pic32c/8.3.1/../../../../pic32c/lib/thumb/v7e-m+fp/hard\libc_nano.a(lib_a-__ssfputs.o) (_fputwc_r)
c:/program files/microchip/xc32/v3.00/bin/bin/../../lib/gcc/pic32c/8.3.1/../../../../pic32c/lib/thumb/v7e-m+fp/hard\libc_nano.a(lib_a-fwalk.o)
                              c:/program files/microchip/xc32/v3.00/bin/bin/../../lib/gcc/pic32c/8.3.1/../../../../pic32c/lib/thumb/v7e-m+fp/hard\libc_nano.a(lib_a-findfp.o) (_fwalk_reent)
c:/program files/microchip/xc32/v3.00/bin/bin/../../lib/gcc/pic32c/8.3.1/../../../../pic32c/lib/thumb/v7e-m+fp/hard\libc_nano.a(lib_a-impure.o)
                              c:/program files/microchip/xc32/v3.00/bin/bin/../../lib/gcc/pic32c/8.3.1/../../../../pic32c/lib/thumb/v7e-m+fp/hard\libc_nano.a(lib_a-findfp.o) (_global_impure_ptr)
c:/program files/microchip/xc32/v3.00/bin/bin/../../lib/gcc/pic32c/8.3.1/../../../../pic32c/lib/thumb/v7e-m+fp/hard\libc_nano.a(lib_a-locale.o)
                              c:/program files/microchip/xc32/v3.00/bin/bin/../../lib/gcc/pic32c/8.3.1/../../../../pic32c/lib/thumb/v7e-m+fp/hard\libc_nano.a(lib_a-fputwc.o) (__locale_mb_cur_max)
c:/program files/microchip/xc32/v3.00/bin/bin/../../lib/gcc/pic32c/8.3.1/../../../../pic32c/lib/thumb/v7e-m+fp/hard\libc_nano.a(lib_a-mbtowc_r.o)
[...]
Memory Configuration

Name             Origin             Length             Attributes
rom              0x00000000         0x00100000         xrl
ram              0x20000000         0x00040000         xw !r
tcm              0x03000000         0x00000000         xw
config_00804000  0x00804000         0x00000004
config_00804008  0x00804008         0x00000004
config_00804004  0x00804004         0x00000004
*default*        0x00000000         0xffffffff

Linker script and memory map

LOAD c:/program files/microchip/xc32/v3.00/bin/bin/../../lib/gcc/pic32c/8.3.1/thumb/v7e-m+fp/hard/crti.o
LOAD c:/program files/microchip/xc32/v3.00/bin/bin/../../lib/gcc/pic32c/8.3.1/thumb/v7e-m+fp/hard/crtbegin.o
LOAD build/sam_e51_cnano/production/_ext/7187140/plib_clock.o
LOAD build/sam_e51_cnano/production/_ext/831051564/plib_cmcc.o
LOAD build/sam_e51_cnano/production/_ext/831021835/plib_dmac.o
LOAD build/sam_e51_cnano/production/_ext/1220119669/plib_eic.o
LOAD build/sam_e51_cnano/production/_ext/9336626/plib_evsys.o
LOAD build/sam_e51_cnano/production/_ext/830715028/plib_nvic.o
LOAD build/sam_e51_cnano/production/_ext/226030394/plib_nvmctrl.o
LOAD build/sam_e51_cnano/production/_ext/830661877/plib_port.o
LOAD build/sam_e51_cnano/production/_ext/1220132503/plib_rtc_timer.o
LOAD build/sam_e51_cnano/production/_ext/314480351/plib_sercom5_usart.o
LOAD build/sam_e51_cnano/production/_ext/865175840/xc32_monitor.o
LOAD build/sam_e51_cnano/production/_ext/570918426/startup_xc32.o
LOAD build/sam_e51_cnano/production/_ext/570918426/initialization.o
LOAD build/sam_e51_cnano/production/_ext/570918426/exceptions.o
LOAD build/sam_e51_cnano/production/_ext/570918426/libc_syscalls.o
LOAD build/sam_e51_cnano/production/_ext/570918426/interrupts.o
LOAD build/sam_e51_cnano/production/_ext/1360937237/main_sam_e51_cnano.o
                0x00000001                __MPLAB_BUILD = 0x1
                0x00100000                __rom_end = (ORIGIN (rom) + LENGTH (rom))
                0x20040000                __ram_end = (ORIGIN (ram) + LENGTH (ram))

.config_00804000
                0x00804000        0x4
 *(.config_00804000)
 .config_00804000
                0x00804000        0x4 build/sam_e51_cnano/production/_ext/570918426/initialization.o
                0x00804000                __config_00804000

.config_00804008
                0x00804008        0x4
 *(.config_00804008)
 .config_00804008
                0x00804008        0x4 build/sam_e51_cnano/production/_ext/570918426/initialization.o
                0x00804008                __config_00804008

.config_00804004
                0x00804004        0x4
 *(.config_00804004)
 .config_00804004
                0x00804004        0x4 build/sam_e51_cnano/production/_ext/570918426/initialization.o
                0x00804004                __config_00804004

.vectors        0x00000000      0x260
                0x00000000                . = ALIGN (0x4)
                0x00000000                _sfixed = .
 *(.vectors .vectors.* .vectors_default .vectors_default.*)
 .vectors       0x00000000      0x260 build/sam_e51_cnano/production/_ext/570918426/interrupts.o
                0x00000000                exception_table
 *(.isr_vector)
 *(.reset*)
 *(.after_vectors)

.text           0x00000260       0x20
                0x00000260                . = ALIGN (0x4)
 *(.glue_7t)
 .glue_7t       0x00000260        0x0 linker stubs
 *(.glue_7)
 .glue_7        0x00000260        0x0 linker stubs
 *(.gnu.linkonce.r.*)
 *(.ARM.extab* .gnu.linkonce.armextab.*)
                0x00000260                . = ALIGN (0x4)
 *(.init)
 .init          0x00000260        0x4 c:/program files/microchip/xc32/v3.00/bin/bin/../../lib/gcc/pic32c/8.3.1/thumb/v7e-m+fp/hard/crti.o
                0x00000260                _init
 .init          0x00000264        0x8 c:/program files/microchip/xc32/v3.00/bin/bin/../../lib/gcc/pic32c/8.3.1/thumb/v7e-m+fp/hard/crtn.o
                0x0000026c                . = ALIGN (0x4)
                0x0000026c                __preinit_array_start = .
 *(.preinit_array)
                0x0000026c                __preinit_array_end = .
                0x0000026c                . = ALIGN (0x4)
                0x0000026c                __init_array_start = .
 *(SORT_BY_NAME(.init_array.*))
 *(.init_array)
 .init_array    0x0000026c        0x4 c:/program files/microchip/xc32/v3.00/bin/bin/../../lib/gcc/pic32c/8.3.1/thumb/v7e-m+fp/hard/crtbegin.o
                0x00000270                __init_array_end = .
                0x00000270                . = ALIGN (0x4)
 *crtbegin.o(.ctors)
 *(EXCLUDE_FILE(*crtend.o) .ctors)
 *(SORT_BY_NAME(.ctors.*))
 *crtend.o(.ctors)
                0x00000270                . = ALIGN (0x4)
 *(.fini)
 .fini          0x00000270        0x4 c:/program files/microchip/xc32/v3.00/bin/bin/../../lib/gcc/pic32c/8.3.1/thumb/v7e-m+fp/hard/crti.o
                0x00000270                _fini
 .fini          0x00000274        0x8 c:/program files/microchip/xc32/v3.00/bin/bin/../../lib/gcc/pic32c/8.3.1/thumb/v7e-m+fp/hard/crtn.o
                0x0000027c                . = ALIGN (0x4)
                0x0000027c                __fini_array_start = .
 *(.fini_array)
 .fini_array    0x0000027c        0x4 c:/program files/microchip/xc32/v3.00/bin/bin/../../lib/gcc/pic32c/8.3.1/thumb/v7e-m+fp/hard/crtbegin.o
 *(SORT_BY_NAME(.fini_array.*))
                0x00000280                __fini_array_end = .
 *crtbegin.o(.dtors)
 *(EXCLUDE_FILE(*crtend.o) .dtors)
 *(SORT_BY_NAME(.dtors.*))
 *crtend.o(.dtors)
                0x00000280                . = ALIGN (0x4)
                0x00000280                _efixed = .
                [!provide]                PROVIDE (__exidx_start = .)

.ARM.exidx
 *(.ARM.exidx* .gnu.linkonce.armexidx.*)
                [!provide]                PROVIDE (__exidx_end = .)
                0x00000280                . = ALIGN (0x4)
                0x00000280                _etext = .

.bss            0x20000000        0x4
                0x20000000                . = ALIGN (0x4)
                0x20000000                __bss_start__ = .
                0x20000000                _sbss = .
                0x20000000                _szero = .
 *(COMMON)
 COMMON         0x20000000        0x4 c:/program files/microchip/xc32/v3.00/bin/bin/../../lib/gcc/pic32c/8.3.1/../../../../pic32c/lib/thumb/v7e-m+fp/hard\libc_nano.a(lib_a-reent.o)
                0x20000000                errno
                0x20000004                . = ALIGN (0x4)
                0x20000004                __bss_end__ = .
                0x20000004                _ebss = .
                0x20000004                _ezero = .
                0x20000004                . = ALIGN (0x4)
                0x20000004                _end = .
                0x2003ffff                _ram_end_ = ((ORIGIN (ram) + LENGTH (ram)) - 0x1)
                0x00000200                _min_heap_size = 0x200
START GROUP
LOAD c:/program files/microchip/xc32/v3.00/bin/bin/../../lib/gcc/pic32c/8.3.1/../../../../pic32c/lib/thumb/v7e-m+fp/hard\libpic32c.a
LOAD c:/program files/microchip/xc32/v3.00/bin/bin/../../lib/gcc/pic32c/8.3.1/thumb/v7e-m+fp/hard\libgcc.a
LOAD c:/program files/microchip/xc32/v3.00/bin/bin/../../lib/gcc/pic32c/8.3.1/../../../../pic32c/lib/thumb/v7e-m+fp/hard\libm_nano.a
LOAD c:/program files/microchip/xc32/v3.00/bin/bin/../../lib/gcc/pic32c/8.3.1/../../../../pic32c/lib/thumb/v7e-m+fp/hard\libc_nano.a
END GROUP
LOAD c:/program files/microchip/xc32/v3.00/bin/bin/../../lib/gcc/pic32c/8.3.1/thumb/v7e-m+fp/hard/crtend.o
LOAD c:/program files/microchip/xc32/v3.00/bin/bin/../../lib/gcc/pic32c/8.3.1/thumb/v7e-m+fp/hard/crtn.o
OUTPUT(dist/sam_e51_cnano/production/sam_e51_cnano.X.production.elf elf32-littlearm)
LOAD stack
LOAD data_init

.ARM.attributes
                0x00000000       0x30
 .ARM.attributes
                0x00000000       0x1e c:/program files/microchip/xc32/v3.00/bin/bin/../../lib/gcc/pic32c/8.3.1/thumb/v7e-m+fp/hard/crti.o
 .ARM.attributes
                0x0000001e       0x34 c:/program files/microchip/xc32/v3.00/bin/bin/../../lib/gcc/pic32c/8.3.1/thumb/v7e-m+fp/hard/crtbegin.o
 .ARM.attributes
                0x00000052       0x34 build/sam_e51_cnano/production/_ext/7187140/plib_clock.o
 .ARM.attributes
                0x00000086       0x34 build/sam_e51_cnano/production/_ext/831021835/plib_dmac.o
 .ARM.attributes
                0x000000ba       0x34 build/sam_e51_cnano/production/_ext/1220119669/plib_eic.o
 .ARM.attributes
                0x000000ee       0x34 build/sam_e51_cnano/production/_ext/9336626/plib_evsys.o
 .ARM.attributes
                0x00000122       0x34 build/sam_e51_cnano/production/_ext/830715028/plib_nvic.o
 .ARM.attributes
                0x00000156       0x34 build/sam_e51_cnano/production/_ext/226030394/plib_nvmctrl.o
 .ARM.attributes
                0x0000018a       0x34 build/sam_e51_cnano/production/_ext/830661877/plib_port.o
 .ARM.attributes
                0x000001be       0x34 build/sam_e51_cnano/production/_ext/1220132503/plib_rtc_timer.o
 .ARM.attributes
                0x000001f2       0x34 build/sam_e51_cnano/production/_ext/314480351/plib_sercom5_usart.o
 .ARM.attributes
                0x00000226       0x34 build/sam_e51_cnano/production/_ext/865175840/xc32_monitor.o
 .ARM.attributes
                0x0000025a       0x34 build/sam_e51_cnano/production/_ext/570918426/startup_xc32.o
 .ARM.attributes
                0x0000028e       0x34 build/sam_e51_cnano/production/_ext/570918426/initialization.o
 .ARM.attributes
                0x000002c2       0x34 build/sam_e51_cnano/production/_ext/570918426/exceptions.o
 .ARM.attributes
                0x000002f6       0x34 build/sam_e51_cnano/production/_ext/570918426/interrupts.o
 .ARM.attributes
                0x0000032a       0x34 build/sam_e51_cnano/production/_ext/1360937237/main_sam_e51_cnano.o
 .ARM.attributes
                0x0000035e       0x34 c:/program files/microchip/xc32/v3.00/bin/bin/../../lib/gcc/pic32c/8.3.1/../../../../pic32c/lib/thumb/v7e-m+fp/hard\libpic32c.a(data_init.o)
 .ARM.attributes
                0x00000392       0x34 c:/program files/microchip/xc32/v3.00/bin/bin/../../lib/gcc/pic32c/8.3.1/../../../../pic32c/lib/thumb/v7e-m+fp/hard\libc_nano.a(_lib_a-sprintf.s.o)
 .ARM.attributes
                0x000003c6       0x34 c:/program files/microchip/xc32/v3.00/bin/bin/../../lib/gcc/pic32c/8.3.1/../../../../pic32c/lib/thumb/v7e-m+fp/hard\libc_nano.a(lib_a-init.o)
 .ARM.attributes
                0x000003fa       0x34 c:/program files/microchip/xc32/v3.00/bin/bin/../../lib/gcc/pic32c/8.3.1/../../../../pic32c/lib/thumb/v7e-m+fp/hard\libc_nano.a(lib_a-memset.o)
 .ARM.attributes
                0x0000042e       0x17 c:/program files/microchip/xc32/v3.00/bin/bin/../../lib/gcc/pic32c/8.3.1/../../../../pic32c/lib/thumb/v7e-m+fp/hard\libc_nano.a(lib_a-strlen.o)
 .ARM.attributes
                0x00000445       0x34 c:/program files/microchip/xc32/v3.00/bin/bin/../../lib/gcc/pic32c/8.3.1/../../../../pic32c/lib/thumb/v7e-m+fp/hard\libc_nano.a(_lib_a-nano-vfprintf.s.o)
 .ARM.attributes
                0x00000479       0x34 c:/program files/microchip/xc32/v3.00/bin/bin/../../lib/gcc/pic32c/8.3.1/../../../../pic32c/lib/thumb/v7e-m+fp/hard\libc_nano.a(lib_a-__ssfputs.o)
 .ARM.attributes
                0x000004ad       0x34 c:/program files/microchip/xc32/v3.00/bin/bin/../../lib/gcc/pic32c/8.3.1/../../../../pic32c/lib/thumb/v7e-m+fp/hard\libc_nano.a(lib_a-findfp.o)
 .ARM.attributes
                0x000004e1       0x34 c:/program files/microchip/xc32/v3.00/bin/bin/../../lib/gcc/pic32c/8.3.1/../../../../pic32c/lib/thumb/v7e-m+fp/hard\libc_nano.a(lib_a-fputwc.o)
 .ARM.attributes
                0x00000515       0x34 c:/program files/microchip/xc32/v3.00/bin/bin/../../lib/gcc/pic32c/8.3.1/../../../../pic32c/lib/thumb/v7e-m+fp/hard\libc_nano.a(lib_a-fwalk.o)
 .ARM.attributes
                0x00000549       0x32 c:/program files/microchip/xc32/v3.00/bin/bin/../../lib/gcc/pic32c/8.3.1/../../../../pic32c/lib/thumb/v7e-m+fp/hard\libc_nano.a(lib_a-impure.o)
 .ARM.attributes
                0x0000057b       0x34 c:/program files/microchip/xc32/v3.00/bin/bin/../../lib/gcc/pic32c/8.3.1/../../../../pic32c/lib/thumb/v7e-m+fp/hard\libc_nano.a(lib_a-locale.o)
 .ARM.attributes
                0x000005af       0x34 c:/program files/microchip/xc32/v3.00/bin/bin/../../lib/gcc/pic32c/8.3.1/../../../../pic32c/lib/thumb/v7e-m+fp/hard\libc_nano.a(lib_a-mbtowc_r.o)
 .ARM.attributes
                0x000005e3       0x1c c:/program files/microchip/xc32/v3.00/bin/bin/../../lib/gcc/pic32c/8.3.1/../../../../pic32c/lib/thumb/v7e-m+fp/hard\libc_nano.a(lib_a-memchr.o)
 .ARM.attributes
                0x000005ff       0x34 c:/program files/microchip/xc32/v3.00/bin/bin/../../lib/gcc/pic32c/8.3.1/../../../../pic32c/lib/thumb/v7e-m+fp/hard\libc_nano.a(lib_a-nano-mallocr.o)
 .ARM.attributes
                0x00000633       0x34 c:/program files/microchip/xc32/v3.00/bin/bin/../../lib/gcc/pic32c/8.3.1/../../../../pic32c/lib/thumb/v7e-m+fp/hard\libc_nano.a(lib_a-nano-vfprintf_i.o)
 .ARM.attributes
                0x00000667       0x34 c:/program files/microchip/xc32/v3.00/bin/bin/../../lib/gcc/pic32c/8.3.1/../../../../pic32c/lib/thumb/v7e-m+fp/hard\libc_nano.a(lib_a-sbrkr.o)
 .ARM.attributes
                0x0000069b       0x34 c:/program files/microchip/xc32/v3.00/bin/bin/../../lib/gcc/pic32c/8.3.1/../../../../pic32c/lib/thumb/v7e-m+fp/hard\libc_nano.a(lib_a-stdio.o)
 .ARM.attributes
                0x000006cf       0x34 c:/program files/microchip/xc32/v3.00/bin/bin/../../lib/gcc/pic32c/8.3.1/../../../../pic32c/lib/thumb/v7e-m+fp/hard\libc_nano.a(lib_a-wbuf.o)
 .ARM.attributes
                0x00000703       0x34 c:/program files/microchip/xc32/v3.00/bin/bin/../../lib/gcc/pic32c/8.3.1/../../../../pic32c/lib/thumb/v7e-m+fp/hard\libc_nano.a(lib_a-wcrtomb.o)
 .ARM.attributes
                0x00000737       0x34 c:/program files/microchip/xc32/v3.00/bin/bin/../../lib/gcc/pic32c/8.3.1/../../../../pic32c/lib/thumb/v7e-m+fp/hard\libc_nano.a(lib_a-wctomb_r.o)
 .ARM.attributes
                0x0000076b       0x34 c:/program files/microchip/xc32/v3.00/bin/bin/../../lib/gcc/pic32c/8.3.1/../../../../pic32c/lib/thumb/v7e-m+fp/hard\libc_nano.a(lib_a-writer.o)
 .ARM.attributes
                0x0000079f       0x34 c:/program files/microchip/xc32/v3.00/bin/bin/../../lib/gcc/pic32c/8.3.1/../../../../pic32c/lib/thumb/v7e-m+fp/hard\libc_nano.a(lib_a-wsetup.o)
 .ARM.attributes
                0x000007d3       0x34 c:/program files/microchip/xc32/v3.00/bin/bin/../../lib/gcc/pic32c/8.3.1/../../../../pic32c/lib/thumb/v7e-m+fp/hard\libc_nano.a(lib_a-closer.o)
 .ARM.attributes
                0x00000807       0x32 c:/program files/microchip/xc32/v3.00/bin/bin/../../lib/gcc/pic32c/8.3.1/../../../../pic32c/lib/thumb/v7e-m+fp/hard\libc_nano.a(lib_a-ctype_.o)
 .ARM.attributes
                0x00000839       0x34 c:/program files/microchip/xc32/v3.00/bin/bin/../../lib/gcc/pic32c/8.3.1/../../../../pic32c/lib/thumb/v7e-m+fp/hard\libc_nano.a(lib_a-fflush.o)
 .ARM.attributes
                0x0000086d       0x34 c:/program files/microchip/xc32/v3.00/bin/bin/../../lib/gcc/pic32c/8.3.1/../../../../pic32c/lib/thumb/v7e-m+fp/hard\libc_nano.a(lib_a-lseekr.o)
 .ARM.attributes
                0x000008a1       0x34 c:/program files/microchip/xc32/v3.00/bin/bin/../../lib/gcc/pic32c/8.3.1/../../../../pic32c/lib/thumb/v7e-m+fp/hard\libc_nano.a(lib_a-makebuf.o)
 .ARM.attributes
                0x000008d5       0x34 c:/program files/microchip/xc32/v3.00/bin/bin/../../lib/gcc/pic32c/8.3.1/../../../../pic32c/lib/thumb/v7e-m+fp/hard\libc_nano.a(lib_a-mlock.o)
 .ARM.attributes
                0x00000909       0x34 c:/program files/microchip/xc32/v3.00/bin/bin/../../lib/gcc/pic32c/8.3.1/../../../../pic32c/lib/thumb/v7e-m+fp/hard\libc_nano.a(lib_a-nano-freer.o)
 .ARM.attributes
                0x0000093d       0x34 c:/program files/microchip/xc32/v3.00/bin/bin/../../lib/gcc/pic32c/8.3.1/../../../../pic32c/lib/thumb/v7e-m+fp/hard\libc_nano.a(lib_a-readr.o)
 .ARM.attributes
                0x00000971       0x34 c:/program files/microchip/xc32/v3.00/bin/bin/../../lib/gcc/pic32c/8.3.1/../../../../pic32c/lib/thumb/v7e-m+fp/hard\libc_nano.a(lib_a-reent.o)
 .ARM.attributes
                0x000009a5       0x34 c:/program files/microchip/xc32/v3.00/bin/bin/../../lib/gcc/pic32c/8.3.1/../../../../pic32c/lib/thumb/v7e-m+fp/hard\libc_nano.a(lib_a-fstatr.o)
 .ARM.attributes
                0x000009d9       0x34 c:/program files/microchip/xc32/v3.00/bin/bin/../../lib/gcc/pic32c/8.3.1/../../../../pic32c/lib/thumb/v7e-m+fp/hard\libc_nano.a(lib_a-isattyr.o)
 .ARM.attributes
                0x00000a0d       0x34 c:/program files/microchip/xc32/v3.00/bin/bin/../../lib/gcc/pic32c/8.3.1/../../../../pic32c/lib/thumb/v7e-m+fp/hard\libpic32c.a(_close.o)
 .ARM.attributes
                0x00000a41       0x34 c:/program files/microchip/xc32/v3.00/bin/bin/../../lib/gcc/pic32c/8.3.1/../../../../pic32c/lib/thumb/v7e-m+fp/hard\libpic32c.a(_fstat.o)
 .ARM.attributes
                0x00000a75       0x34 c:/program files/microchip/xc32/v3.00/bin/bin/../../lib/gcc/pic32c/8.3.1/../../../../pic32c/lib/thumb/v7e-m+fp/hard\libpic32c.a(_isatty.o)
 .ARM.attributes
                0x00000aa9       0x34 c:/program files/microchip/xc32/v3.00/bin/bin/../../lib/gcc/pic32c/8.3.1/../../../../pic32c/lib/thumb/v7e-m+fp/hard\libpic32c.a(_lseek.o)
 .ARM.attributes
                0x00000add       0x34 c:/program files/microchip/xc32/v3.00/bin/bin/../../lib/gcc/pic32c/8.3.1/../../../../pic32c/lib/thumb/v7e-m+fp/hard\libpic32c.a(_read.o)
 .ARM.attributes
                0x00000b11       0x34 c:/program files/microchip/xc32/v3.00/bin/bin/../../lib/gcc/pic32c/8.3.1/../../../../pic32c/lib/thumb/v7e-m+fp/hard\libpic32c.a(sbrk.o)
 .ARM.attributes
                0x00000b45       0x34 c:/program files/microchip/xc32/v3.00/bin/bin/../../lib/gcc/pic32c/8.3.1/../../../../pic32c/lib/thumb/v7e-m+fp/hard\libpic32c.a(_write.o)
 .ARM.attributes
                0x00000b79       0x34 c:/program files/microchip/xc32/v3.00/bin/bin/../../lib/gcc/pic32c/8.3.1/../../../../pic32c/lib/thumb/v7e-m+fp/hard\libpic32c.a(close.o)
 .ARM.attributes
                0x00000bad       0x34 c:/program files/microchip/xc32/v3.00/bin/bin/../../lib/gcc/pic32c/8.3.1/../../../../pic32c/lib/thumb/v7e-m+fp/hard\libpic32c.a(fstat.o)
 .ARM.attributes
                0x00000be1       0x34 c:/program files/microchip/xc32/v3.00/bin/bin/../../lib/gcc/pic32c/8.3.1/../../../../pic32c/lib/thumb/v7e-m+fp/hard\libpic32c.a(isatty.o)
 .ARM.attributes
                0x00000c15       0x34 c:/program files/microchip/xc32/v3.00/bin/bin/../../lib/gcc/pic32c/8.3.1/../../../../pic32c/lib/thumb/v7e-m+fp/hard\libpic32c.a(lseek.o)
 .ARM.attributes
                0x00000c49       0x34 c:/program files/microchip/xc32/v3.00/bin/bin/../../lib/gcc/pic32c/8.3.1/../../../../pic32c/lib/thumb/v7e-m+fp/hard\libpic32c.a(read.o)
 .ARM.attributes
                0x00000c7d       0x34 c:/program files/microchip/xc32/v3.00/bin/bin/../../lib/gcc/pic32c/8.3.1/../../../../pic32c/lib/thumb/v7e-m+fp/hard\libpic32c.a(write.o)
 .ARM.attributes
                0x00000cb1       0x1e c:/program files/microchip/xc32/v3.00/bin/bin/../../lib/gcc/pic32c/8.3.1/thumb/v7e-m+fp/hard/crtn.o

.comment        0x00000000       0x53
 .comment       0x00000000       0x53 c:/program files/microchip/xc32/v3.00/bin/bin/../../lib/gcc/pic32c/8.3.1/thumb/v7e-m+fp/hard/crtbegin.o
                                 0x54 (size before relaxing)
 .comment       0x00000053       0x54 build/sam_e51_cnano/production/_ext/7187140/plib_clock.o
 .comment       0x00000053       0x54 build/sam_e51_cnano/production/_ext/831021835/plib_dmac.o
 .comment       0x00000053       0x54 build/sam_e51_cnano/production/_ext/1220119669/plib_eic.o
 .comment       0x00000053       0x54 build/sam_e51_cnano/production/_ext/9336626/plib_evsys.o
 .comment       0x00000053       0x54 build/sam_e51_cnano/production/_ext/830715028/plib_nvic.o
 .comment       0x00000053       0x54 build/sam_e51_cnano/production/_ext/226030394/plib_nvmctrl.o
 .comment       0x00000053       0x54 build/sam_e51_cnano/production/_ext/830661877/plib_port.o
 .comment       0x00000053       0x54 build/sam_e51_cnano/production/_ext/1220132503/plib_rtc_timer.o
 .comment       0x00000053       0x54 build/sam_e51_cnano/production/_ext/314480351/plib_sercom5_usart.o
 .comment       0x00000053       0x54 build/sam_e51_cnano/production/_ext/865175840/xc32_monitor.o
 .comment       0x00000053       0x54 build/sam_e51_cnano/production/_ext/570918426/startup_xc32.o
 .comment       0x00000053       0x54 build/sam_e51_cnano/production/_ext/570918426/initialization.o
 .comment       0x00000053       0x54 build/sam_e51_cnano/production/_ext/570918426/exceptions.o
 .comment       0x00000053       0x54 build/sam_e51_cnano/production/_ext/570918426/interrupts.o
 .comment       0x00000053       0x54 build/sam_e51_cnano/production/_ext/1360937237/main_sam_e51_cnano.o
 .comment       0x00000053       0x54 c:/program files/microchip/xc32/v3.00/bin/bin/../../lib/gcc/pic32c/8.3.1/../../../../pic32c/lib/thumb/v7e-m+fp/hard\libpic32c.a(data_init.o)
 .comment       0x00000053       0x54 c:/program files/microchip/xc32/v3.00/bin/bin/../../lib/gcc/pic32c/8.3.1/../../../../pic32c/lib/thumb/v7e-m+fp/hard\libc_nano.a(_lib_a-sprintf.s.o)
 .comment       0x00000053       0x54 c:/program files/microchip/xc32/v3.00/bin/bin/../../lib/gcc/pic32c/8.3.1/../../../../pic32c/lib/thumb/v7e-m+fp/hard\libc_nano.a(lib_a-init.o)
 .comment       0x00000053       0x54 c:/program files/microchip/xc32/v3.00/bin/bin/../../lib/gcc/pic32c/8.3.1/../../../../pic32c/lib/thumb/v7e-m+fp/hard\libc_nano.a(lib_a-memset.o)
 .comment       0x00000053       0x54 c:/program files/microchip/xc32/v3.00/bin/bin/../../lib/gcc/pic32c/8.3.1/../../../../pic32c/lib/thumb/v7e-m+fp/hard\libc_nano.a(_lib_a-nano-vfprintf.s.o)
 .comment       0x00000053       0x54 c:/program files/microchip/xc32/v3.00/bin/bin/../../lib/gcc/pic32c/8.3.1/../../../../pic32c/lib/thumb/v7e-m+fp/hard\libc_nano.a(lib_a-__ssfputs.o)
 .comment       0x00000053       0x54 c:/program files/microchip/xc32/v3.00/bin/bin/../../lib/gcc/pic32c/8.3.1/../../../../pic32c/lib/thumb/v7e-m+fp/hard\libc_nano.a(lib_a-findfp.o)
 .comment       0x00000053       0x54 c:/program files/microchip/xc32/v3.00/bin/bin/../../lib/gcc/pic32c/8.3.1/../../../../pic32c/lib/thumb/v7e-m+fp/hard\libc_nano.a(lib_a-fputwc.o)
 .comment       0x00000053       0x54 c:/program files/microchip/xc32/v3.00/bin/bin/../../lib/gcc/pic32c/8.3.1/../../../../pic32c/lib/thumb/v7e-m+fp/hard\libc_nano.a(lib_a-fwalk.o)
 .comment       0x00000053       0x54 c:/program files/microchip/xc32/v3.00/bin/bin/../../lib/gcc/pic32c/8.3.1/../../../../pic32c/lib/thumb/v7e-m+fp/hard\libc_nano.a(lib_a-impure.o)
 .comment       0x00000053       0x54 c:/program files/microchip/xc32/v3.00/bin/bin/../../lib/gcc/pic32c/8.3.1/../../../../pic32c/lib/thumb/v7e-m+fp/hard\libc_nano.a(lib_a-locale.o)
 .comment       0x00000053       0x54 c:/program files/microchip/xc32/v3.00/bin/bin/../../lib/gcc/pic32c/8.3.1/../../../../pic32c/lib/thumb/v7e-m+fp/hard\libc_nano.a(lib_a-mbtowc_r.o)
 .comment       0x00000053       0x54 c:/program files/microchip/xc32/v3.00/bin/bin/../../lib/gcc/pic32c/8.3.1/../../../../pic32c/lib/thumb/v7e-m+fp/hard\libc_nano.a(lib_a-nano-mallocr.o)
 .comment       0x00000053       0x54 c:/program files/microchip/xc32/v3.00/bin/bin/../../lib/gcc/pic32c/8.3.1/../../../../pic32c/lib/thumb/v7e-m+fp/hard\libc_nano.a(lib_a-nano-vfprintf_i.o)
 .comment       0x00000053       0x54 c:/program files/microchip/xc32/v3.00/bin/bin/../../lib/gcc/pic32c/8.3.1/../../../../pic32c/lib/thumb/v7e-m+fp/hard\libc_nano.a(lib_a-sbrkr.o)
 .comment       0x00000053       0x54 c:/program files/microchip/xc32/v3.00/bin/bin/../../lib/gcc/pic32c/8.3.1/../../../../pic32c/lib/thumb/v7e-m+fp/hard\libc_nano.a(lib_a-stdio.o)
 .comment       0x00000053       0x54 c:/program files/microchip/xc32/v3.00/bin/bin/../../lib/gcc/pic32c/8.3.1/../../../../pic32c/lib/thumb/v7e-m+fp/hard\libc_nano.a(lib_a-wbuf.o)
 .comment       0x00000053       0x54 c:/program files/microchip/xc32/v3.00/bin/bin/../../lib/gcc/pic32c/8.3.1/../../../../pic32c/lib/thumb/v7e-m+fp/hard\libc_nano.a(lib_a-wcrtomb.o)
 .comment       0x00000053       0x54 c:/program files/microchip/xc32/v3.00/bin/bin/../../lib/gcc/pic32c/8.3.1/../../../../pic32c/lib/thumb/v7e-m+fp/hard\libc_nano.a(lib_a-wctomb_r.o)
 .comment       0x00000053       0x54 c:/program files/microchip/xc32/v3.00/bin/bin/../../lib/gcc/pic32c/8.3.1/../../../../pic32c/lib/thumb/v7e-m+fp/hard\libc_nano.a(lib_a-writer.o)
 .comment       0x00000053       0x54 c:/program files/microchip/xc32/v3.00/bin/bin/../../lib/gcc/pic32c/8.3.1/../../../../pic32c/lib/thumb/v7e-m+fp/hard\libc_nano.a(lib_a-wsetup.o)
 .comment       0x00000053       0x54 c:/program files/microchip/xc32/v3.00/bin/bin/../../lib/gcc/pic32c/8.3.1/../../../../pic32c/lib/thumb/v7e-m+fp/hard\libc_nano.a(lib_a-closer.o)
 .comment       0x00000053       0x54 c:/program files/microchip/xc32/v3.00/bin/bin/../../lib/gcc/pic32c/8.3.1/../../../../pic32c/lib/thumb/v7e-m+fp/hard\libc_nano.a(lib_a-ctype_.o)
 .comment       0x00000053       0x54 c:/program files/microchip/xc32/v3.00/bin/bin/../../lib/gcc/pic32c/8.3.1/../../../../pic32c/lib/thumb/v7e-m+fp/hard\libc_nano.a(lib_a-fflush.o)
 .comment       0x00000053       0x54 c:/program files/microchip/xc32/v3.00/bin/bin/../../lib/gcc/pic32c/8.3.1/../../../../pic32c/lib/thumb/v7e-m+fp/hard\libc_nano.a(lib_a-lseekr.o)
 .comment       0x00000053       0x54 c:/program files/microchip/xc32/v3.00/bin/bin/../../lib/gcc/pic32c/8.3.1/../../../../pic32c/lib/thumb/v7e-m+fp/hard\libc_nano.a(lib_a-makebuf.o)
 .comment       0x00000053       0x54 c:/program files/microchip/xc32/v3.00/bin/bin/../../lib/gcc/pic32c/8.3.1/../../../../pic32c/lib/thumb/v7e-m+fp/hard\libc_nano.a(lib_a-mlock.o)
 .comment       0x00000053       0x54 c:/program files/microchip/xc32/v3.00/bin/bin/../../lib/gcc/pic32c/8.3.1/../../../../pic32c/lib/thumb/v7e-m+fp/hard\libc_nano.a(lib_a-nano-freer.o)
 .comment       0x00000053       0x54 c:/program files/microchip/xc32/v3.00/bin/bin/../../lib/gcc/pic32c/8.3.1/../../../../pic32c/lib/thumb/v7e-m+fp/hard\libc_nano.a(lib_a-readr.o)
 .comment       0x00000053       0x54 c:/program files/microchip/xc32/v3.00/bin/bin/../../lib/gcc/pic32c/8.3.1/../../../../pic32c/lib/thumb/v7e-m+fp/hard\libc_nano.a(lib_a-reent.o)
 .comment       0x00000053       0x54 c:/program files/microchip/xc32/v3.00/bin/bin/../../lib/gcc/pic32c/8.3.1/../../../../pic32c/lib/thumb/v7e-m+fp/hard\libc_nano.a(lib_a-fstatr.o)
 .comment       0x00000053       0x54 c:/program files/microchip/xc32/v3.00/bin/bin/../../lib/gcc/pic32c/8.3.1/../../../../pic32c/lib/thumb/v7e-m+fp/hard\libc_nano.a(lib_a-isattyr.o)
 .comment       0x00000053       0x54 c:/program files/microchip/xc32/v3.00/bin/bin/../../lib/gcc/pic32c/8.3.1/../../../../pic32c/lib/thumb/v7e-m+fp/hard\libpic32c.a(_close.o)
 .comment       0x00000053       0x54 c:/program files/microchip/xc32/v3.00/bin/bin/../../lib/gcc/pic32c/8.3.1/../../../../pic32c/lib/thumb/v7e-m+fp/hard\libpic32c.a(_fstat.o)
 .comment       0x00000053       0x54 c:/program files/microchip/xc32/v3.00/bin/bin/../../lib/gcc/pic32c/8.3.1/../../../../pic32c/lib/thumb/v7e-m+fp/hard\libpic32c.a(_isatty.o)
 .comment       0x00000053       0x54 c:/program files/microchip/xc32/v3.00/bin/bin/../../lib/gcc/pic32c/8.3.1/../../../../pic32c/lib/thumb/v7e-m+fp/hard\libpic32c.a(_lseek.o)
 .comment       0x00000053       0x54 c:/program files/microchip/xc32/v3.00/bin/bin/../../lib/gcc/pic32c/8.3.1/../../../../pic32c/lib/thumb/v7e-m+fp/hard\libpic32c.a(_read.o)
 .comment       0x00000053       0x54 c:/program files/microchip/xc32/v3.00/bin/bin/../../lib/gcc/pic32c/8.3.1/../../../../pic32c/lib/thumb/v7e-m+fp/hard\libpic32c.a(sbrk.o)
 .comment       0x00000053       0x54 c:/program files/microchip/xc32/v3.00/bin/bin/../../lib/gcc/pic32c/8.3.1/../../../../pic32c/lib/thumb/v7e-m+fp/hard\libpic32c.a(_write.o)
 .comment       0x00000053       0x54 c:/program files/microchip/xc32/v3.00/bin/bin/../../lib/gcc/pic32c/8.3.1/../../../../pic32c/lib/thumb/v7e-m+fp/hard\libpic32c.a(close.o)
 .comment       0x00000053       0x54 c:/program files/microchip/xc32/v3.00/bin/bin/../../lib/gcc/pic32c/8.3.1/../../../../pic32c/lib/thumb/v7e-m+fp/hard\libpic32c.a(fstat.o)
 .comment       0x00000053       0x54 c:/program files/microchip/xc32/v3.00/bin/bin/../../lib/gcc/pic32c/8.3.1/../../../../pic32c/lib/thumb/v7e-m+fp/hard\libpic32c.a(isatty.o)
 .comment       0x00000053       0x54 c:/program files/microchip/xc32/v3.00/bin/bin/../../lib/gcc/pic32c/8.3.1/../../../../pic32c/lib/thumb/v7e-m+fp/hard\libpic32c.a(lseek.o)
 .comment       0x00000053       0x54 c:/program files/microchip/xc32/v3.00/bin/bin/../../lib/gcc/pic32c/8.3.1/../../../../pic32c/lib/thumb/v7e-m+fp/hard\libpic32c.a(read.o)
 .comment       0x00000053       0x54 c:/program files/microchip/xc32/v3.00/bin/bin/../../lib/gcc/pic32c/8.3.1/../../../../pic32c/lib/thumb/v7e-m+fp/hard\libpic32c.a(write.o)

.debug_info     0x00000000    0x137e0
 .debug_info    0x00000000      0xc15 build/sam_e51_cnano/production/_ext/7187140/plib_clock.o
 .debug_info    0x00000c15     0x1dd1 build/sam_e51_cnano/production/_ext/831021835/plib_dmac.o
 .debug_info    0x000029e6      0x7d9 build/sam_e51_cnano/production/_ext/1220119669/plib_eic.o
 .debug_info    0x000031bf      0x39b build/sam_e51_cnano/production/_ext/9336626/plib_evsys.o
 .debug_info    0x0000355a     0x1474 build/sam_e51_cnano/production/_ext/830715028/plib_nvic.o
 .debug_info    0x000049ce     0x18a1 build/sam_e51_cnano/production/_ext/226030394/plib_nvmctrl.o
 .debug_info    0x0000626f      0xe63 build/sam_e51_cnano/production/_ext/830661877/plib_port.o
 .debug_info    0x000070d2     0x1c5e build/sam_e51_cnano/production/_ext/1220132503/plib_rtc_timer.o
 .debug_info    0x00008d30     0x1440 build/sam_e51_cnano/production/_ext/314480351/plib_sercom5_usart.o
 .debug_info    0x0000a170      0x2ed build/sam_e51_cnano/production/_ext/865175840/xc32_monitor.o
 .debug_info    0x0000a45d      0x9a4 build/sam_e51_cnano/production/_ext/570918426/startup_xc32.o
 .debug_info    0x0000ae01     0x101b build/sam_e51_cnano/production/_ext/570918426/initialization.o
 .debug_info    0x0000be1c      0xff8 build/sam_e51_cnano/production/_ext/570918426/exceptions.o
 .debug_info    0x0000ce14     0x22a0 build/sam_e51_cnano/production/_ext/570918426/interrupts.o
 .debug_info    0x0000f0b4     0x215b build/sam_e51_cnano/production/_ext/1360937237/main_sam_e51_cnano.o
 .debug_info    0x0001120f      0x2cd c:/program files/microchip/xc32/v3.00/bin/bin/../../lib/gcc/pic32c/8.3.1/../../../../pic32c/lib/thumb/v7e-m+fp/hard\libpic32c.a(data_init.o)
 .debug_info    0x000114dc      0x2b2 c:/program files/microchip/xc32/v3.00/bin/bin/../../lib/gcc/pic32c/8.3.1/../../../../pic32c/lib/thumb/v7e-m+fp/hard\libpic32c.a(_close.o)
 .debug_info    0x0001178e      0x2b2 c:/program files/microchip/xc32/v3.00/bin/bin/../../lib/gcc/pic32c/8.3.1/../../../../pic32c/lib/thumb/v7e-m+fp/hard\libpic32c.a(_fstat.o)
 .debug_info    0x00011a40      0x2b4 c:/program files/microchip/xc32/v3.00/bin/bin/../../lib/gcc/pic32c/8.3.1/../../../../pic32c/lib/thumb/v7e-m+fp/hard\libpic32c.a(_isatty.o)
 .debug_info    0x00011cf4      0x2b2 c:/program files/microchip/xc32/v3.00/bin/bin/../../lib/gcc/pic32c/8.3.1/../../../../pic32c/lib/thumb/v7e-m+fp/hard\libpic32c.a(_lseek.o)
 .debug_info    0x00011fa6      0x2b0 c:/program files/microchip/xc32/v3.00/bin/bin/../../lib/gcc/pic32c/8.3.1/../../../../pic32c/lib/thumb/v7e-m+fp/hard\libpic32c.a(_read.o)
 .debug_info    0x00012256      0x2b0 c:/program files/microchip/xc32/v3.00/bin/bin/../../lib/gcc/pic32c/8.3.1/../../../../pic32c/lib/thumb/v7e-m+fp/hard\libpic32c.a(sbrk.o)
 .debug_info    0x00012506      0x2b2 c:/program files/microchip/xc32/v3.00/bin/bin/../../lib/gcc/pic32c/8.3.1/../../../../pic32c/lib/thumb/v7e-m+fp/hard\libpic32c.a(_write.o)
 .debug_info    0x000127b8      0x2b1 c:/program files/microchip/xc32/v3.00/bin/bin/../../lib/gcc/pic32c/8.3.1/../../../../pic32c/lib/thumb/v7e-m+fp/hard\libpic32c.a(close.o)
 .debug_info    0x00012a69      0x2b1 c:/program files/microchip/xc32/v3.00/bin/bin/../../lib/gcc/pic32c/8.3.1/../../../../pic32c/lib/thumb/v7e-m+fp/hard\libpic32c.a(fstat.o)
 .debug_info    0x00012d1a      0x2b3 c:/program files/microchip/xc32/v3.00/bin/bin/../../lib/gcc/pic32c/8.3.1/../../../../pic32c/lib/thumb/v7e-m+fp/hard\libpic32c.a(isatty.o)
 .debug_info    0x00012fcd      0x2b1 c:/program files/microchip/xc32/v3.00/bin/bin/../../lib/gcc/pic32c/8.3.1/../../../../pic32c/lib/thumb/v7e-m+fp/hard\libpic32c.a(lseek.o)
 .debug_info    0x0001327e      0x2b0 c:/program files/microchip/xc32/v3.00/bin/bin/../../lib/gcc/pic32c/8.3.1/../../../../pic32c/lib/thumb/v7e-m+fp/hard\libpic32c.a(read.o)
 .debug_info    0x0001352e      0x2b2 c:/program files/microchip/xc32/v3.00/bin/bin/../../lib/gcc/pic32c/8.3.1/../../../../pic32c/lib/thumb/v7e-m+fp/hard\libpic32c.a(write.o)

.debug_abbrev   0x00000000     0x2116
 .debug_abbrev  0x00000000      0x135 build/sam_e51_cnano/production/_ext/7187140/plib_clock.o
 .debug_abbrev  0x00000135      0x44b build/sam_e51_cnano/production/_ext/831021835/plib_dmac.o
 .debug_abbrev  0x00000580      0x1ab build/sam_e51_cnano/production/_ext/1220119669/plib_eic.o
 .debug_abbrev  0x0000072b       0x64 build/sam_e51_cnano/production/_ext/9336626/plib_evsys.o
 .debug_abbrev  0x0000078f      0x217 build/sam_e51_cnano/production/_ext/830715028/plib_nvic.o
 .debug_abbrev  0x000009a6      0x30a build/sam_e51_cnano/production/_ext/226030394/plib_nvmctrl.o
 .debug_abbrev  0x00000cb0      0x1e9 build/sam_e51_cnano/production/_ext/830661877/plib_port.o
 .debug_abbrev  0x00000e99      0x2b4 build/sam_e51_cnano/production/_ext/1220132503/plib_rtc_timer.o
 .debug_abbrev  0x0000114d      0x2a1 build/sam_e51_cnano/production/_ext/314480351/plib_sercom5_usart.o
 .debug_abbrev  0x000013ee       0x80 build/sam_e51_cnano/production/_ext/865175840/xc32_monitor.o
 .debug_abbrev  0x0000146e      0x209 build/sam_e51_cnano/production/_ext/570918426/startup_xc32.o
 .debug_abbrev  0x00001677      0x1f2 build/sam_e51_cnano/production/_ext/570918426/initialization.o
 .debug_abbrev  0x00001869      0x1ac build/sam_e51_cnano/production/_ext/570918426/exceptions.o
 .debug_abbrev  0x00001a15      0x1cc build/sam_e51_cnano/production/_ext/570918426/interrupts.o
 .debug_abbrev  0x00001be1      0x2c3 build/sam_e51_cnano/production/_ext/1360937237/main_sam_e51_cnano.o
 .debug_abbrev  0x00001ea4       0x2e c:/program files/microchip/xc32/v3.00/bin/bin/../../lib/gcc/pic32c/8.3.1/../../../../pic32c/lib/thumb/v7e-m+fp/hard\libpic32c.a(data_init.o)
 .debug_abbrev  0x00001ed2       0x2b c:/program files/microchip/xc32/v3.00/bin/bin/../../lib/gcc/pic32c/8.3.1/../../../../pic32c/lib/thumb/v7e-m+fp/hard\libpic32c.a(_close.o)
 .debug_abbrev  0x00001efd       0x2b c:/program files/microchip/xc32/v3.00/bin/bin/../../lib/gcc/pic32c/8.3.1/../../../../pic32c/lib/thumb/v7e-m+fp/hard\libpic32c.a(_fstat.o)
 .debug_abbrev  0x00001f28       0x2b c:/program files/microchip/xc32/v3.00/bin/bin/../../lib/gcc/pic32c/8.3.1/../../../../pic32c/lib/thumb/v7e-m+fp/hard\libpic32c.a(_isatty.o)
 .debug_abbrev  0x00001f53       0x2b c:/program files/microchip/xc32/v3.00/bin/bin/../../lib/gcc/pic32c/8.3.1/../../../../pic32c/lib/thumb/v7e-m+fp/hard\libpic32c.a(_lseek.o)
 .debug_abbrev  0x00001f7e       0x2b c:/program files/microchip/xc32/v3.00/bin/bin/../../lib/gcc/pic32c/8.3.1/../../../../pic32c/lib/thumb/v7e-m+fp/hard\libpic32c.a(_read.o)
 .debug_abbrev  0x00001fa9       0x2e c:/program files/microchip/xc32/v3.00/bin/bin/../../lib/gcc/pic32c/8.3.1/../../../../pic32c/lib/thumb/v7e-m+fp/hard\libpic32c.a(sbrk.o)
 .debug_abbrev  0x00001fd7       0x2b c:/program files/microchip/xc32/v3.00/bin/bin/../../lib/gcc/pic32c/8.3.1/../../../../pic32c/lib/thumb/v7e-m+fp/hard\libpic32c.a(_write.o)
 .debug_abbrev  0x00002002       0x2e c:/program files/microchip/xc32/v3.00/bin/bin/../../lib/gcc/pic32c/8.3.1/../../../../pic32c/lib/thumb/v7e-m+fp/hard\libpic32c.a(close.o)
 .debug_abbrev  0x00002030       0x2e c:/program files/microchip/xc32/v3.00/bin/bin/../../lib/gcc/pic32c/8.3.1/../../../../pic32c/lib/thumb/v7e-m+fp/hard\libpic32c.a(fstat.o)
 .debug_abbrev  0x0000205e       0x2e c:/program files/microchip/xc32/v3.00/bin/bin/../../lib/gcc/pic32c/8.3.1/../../../../pic32c/lib/thumb/v7e-m+fp/hard\libpic32c.a(isatty.o)
 .debug_abbrev  0x0000208c       0x2e c:/program files/microchip/xc32/v3.00/bin/bin/../../lib/gcc/pic32c/8.3.1/../../../../pic32c/lib/thumb/v7e-m+fp/hard\libpic32c.a(lseek.o)
 .debug_abbrev  0x000020ba       0x2e c:/program files/microchip/xc32/v3.00/bin/bin/../../lib/gcc/pic32c/8.3.1/../../../../pic32c/lib/thumb/v7e-m+fp/hard\libpic32c.a(read.o)
 .debug_abbrev  0x000020e8       0x2e c:/program files/microchip/xc32/v3.00/bin/bin/../../lib/gcc/pic32c/8.3.1/../../../../pic32c/lib/thumb/v7e-m+fp/hard\libpic32c.a(write.o)

.debug_aranges  0x00000000      0x638
 .debug_aranges
                0x00000000       0x20 build/sam_e51_cnano/production/_ext/7187140/plib_clock.o
 .debug_aranges
                0x00000020       0x88 build/sam_e51_cnano/production/_ext/831021835/plib_dmac.o
 .debug_aranges
                0x000000a8       0x40 build/sam_e51_cnano/production/_ext/1220119669/plib_eic.o
 .debug_aranges
                0x000000e8       0x20 build/sam_e51_cnano/production/_ext/9336626/plib_evsys.o
 .debug_aranges
                0x00000108       0x38 build/sam_e51_cnano/production/_ext/830715028/plib_nvic.o
 .debug_aranges
                0x00000140       0xb0 build/sam_e51_cnano/production/_ext/226030394/plib_nvmctrl.o
 .debug_aranges
                0x000001f0       0x70 build/sam_e51_cnano/production/_ext/830661877/plib_port.o
 .debug_aranges
                0x00000260       0xa0 build/sam_e51_cnano/production/_ext/1220132503/plib_rtc_timer.o
 .debug_aranges
                0x00000300       0x68 build/sam_e51_cnano/production/_ext/314480351/plib_sercom5_usart.o
 .debug_aranges
                0x00000368       0x28 build/sam_e51_cnano/production/_ext/865175840/xc32_monitor.o
 .debug_aranges
                0x00000390       0x28 build/sam_e51_cnano/production/_ext/570918426/startup_xc32.o
 .debug_aranges
                0x000003b8       0x20 build/sam_e51_cnano/production/_ext/570918426/initialization.o
 .debug_aranges
                0x000003d8       0x48 build/sam_e51_cnano/production/_ext/570918426/exceptions.o
 .debug_aranges
                0x00000420       0x20 build/sam_e51_cnano/production/_ext/570918426/interrupts.o
 .debug_aranges
                0x00000440       0x38 build/sam_e51_cnano/production/_ext/1360937237/main_sam_e51_cnano.o
 .debug_aranges
                0x00000478       0x20 c:/program files/microchip/xc32/v3.00/bin/bin/../../lib/gcc/pic32c/8.3.1/../../../../pic32c/lib/thumb/v7e-m+fp/hard\libpic32c.a(data_init.o)
 .debug_aranges
                0x00000498       0x20 c:/program files/microchip/xc32/v3.00/bin/bin/../../lib/gcc/pic32c/8.3.1/../../../../pic32c/lib/thumb/v7e-m+fp/hard\libpic32c.a(_close.o)
 .debug_aranges
                0x000004b8       0x20 c:/program files/microchip/xc32/v3.00/bin/bin/../../lib/gcc/pic32c/8.3.1/../../../../pic32c/lib/thumb/v7e-m+fp/hard\libpic32c.a(_fstat.o)
 .debug_aranges
                0x000004d8       0x20 c:/program files/microchip/xc32/v3.00/bin/bin/../../lib/gcc/pic32c/8.3.1/../../../../pic32c/lib/thumb/v7e-m+fp/hard\libpic32c.a(_isatty.o)
 .debug_aranges
                0x000004f8       0x20 c:/program files/microchip/xc32/v3.00/bin/bin/../../lib/gcc/pic32c/8.3.1/../../../../pic32c/lib/thumb/v7e-m+fp/hard\libpic32c.a(_lseek.o)
 .debug_aranges
                0x00000518       0x20 c:/program files/microchip/xc32/v3.00/bin/bin/../../lib/gcc/pic32c/8.3.1/../../../../pic32c/lib/thumb/v7e-m+fp/hard\libpic32c.a(_read.o)
 .debug_aranges
                0x00000538       0x20 c:/program files/microchip/xc32/v3.00/bin/bin/../../lib/gcc/pic32c/8.3.1/../../../../pic32c/lib/thumb/v7e-m+fp/hard\libpic32c.a(sbrk.o)
 .debug_aranges
                0x00000558       0x20 c:/program files/microchip/xc32/v3.00/bin/bin/../../lib/gcc/pic32c/8.3.1/../../../../pic32c/lib/thumb/v7e-m+fp/hard\libpic32c.a(_write.o)
 .debug_aranges
                0x00000578       0x20 c:/program files/microchip/xc32/v3.00/bin/bin/../../lib/gcc/pic32c/8.3.1/../../../../pic32c/lib/thumb/v7e-m+fp/hard\libpic32c.a(close.o)
 .debug_aranges
                0x00000598       0x20 c:/program files/microchip/xc32/v3.00/bin/bin/../../lib/gcc/pic32c/8.3.1/../../../../pic32c/lib/thumb/v7e-m+fp/hard\libpic32c.a(fstat.o)
 .debug_aranges
                0x000005b8       0x20 c:/program files/microchip/xc32/v3.00/bin/bin/../../lib/gcc/pic32c/8.3.1/../../../../pic32c/lib/thumb/v7e-m+fp/hard\libpic32c.a(isatty.o)
 .debug_aranges
                0x000005d8       0x20 c:/program files/microchip/xc32/v3.00/bin/bin/../../lib/gcc/pic32c/8.3.1/../../../../pic32c/lib/thumb/v7e-m+fp/hard\libpic32c.a(lseek.o)
 .debug_aranges
                0x000005f8       0x20 c:/program files/microchip/xc32/v3.00/bin/bin/../../lib/gcc/pic32c/8.3.1/../../../../pic32c/lib/thumb/v7e-m+fp/hard\libpic32c.a(read.o)
 .debug_aranges
                0x00000618       0x20 c:/program files/microchip/xc32/v3.00/bin/bin/../../lib/gcc/pic32c/8.3.1/../../../../pic32c/lib/thumb/v7e-m+fp/hard\libpic32c.a(write.o)

.debug_ranges   0x00000000      0x498
 .debug_ranges  0x00000000       0x10 build/sam_e51_cnano/production/_ext/7187140/plib_clock.o
 .debug_ranges  0x00000010       0xa8 build/sam_e51_cnano/production/_ext/831021835/plib_dmac.o
 .debug_ranges  0x000000b8       0x30 build/sam_e51_cnano/production/_ext/1220119669/plib_eic.o
 .debug_ranges  0x000000e8       0x10 build/sam_e51_cnano/production/_ext/9336626/plib_evsys.o
 .debug_ranges  0x000000f8       0x28 build/sam_e51_cnano/production/_ext/830715028/plib_nvic.o
 .debug_ranges  0x00000120       0xa0 build/sam_e51_cnano/production/_ext/226030394/plib_nvmctrl.o
 .debug_ranges  0x000001c0       0x60 build/sam_e51_cnano/production/_ext/830661877/plib_port.o
 .debug_ranges  0x00000220       0x90 build/sam_e51_cnano/production/_ext/1220132503/plib_rtc_timer.o
 .debug_ranges  0x000002b0       0x58 build/sam_e51_cnano/production/_ext/314480351/plib_sercom5_usart.o
 .debug_ranges  0x00000308       0x18 build/sam_e51_cnano/production/_ext/865175840/xc32_monitor.o
 .debug_ranges  0x00000320       0x18 build/sam_e51_cnano/production/_ext/570918426/startup_xc32.o
 .debug_ranges  0x00000338       0x10 build/sam_e51_cnano/production/_ext/570918426/initialization.o
 .debug_ranges  0x00000348       0x38 build/sam_e51_cnano/production/_ext/570918426/exceptions.o
 .debug_ranges  0x00000380       0x10 build/sam_e51_cnano/production/_ext/570918426/interrupts.o
 .debug_ranges  0x00000390       0x28 build/sam_e51_cnano/production/_ext/1360937237/main_sam_e51_cnano.o
 .debug_ranges  0x000003b8       0x10 c:/program files/microchip/xc32/v3.00/bin/bin/../../lib/gcc/pic32c/8.3.1/../../../../pic32c/lib/thumb/v7e-m+fp/hard\libpic32c.a(data_init.o)
 .debug_ranges  0x000003c8       0x10 c:/program files/microchip/xc32/v3.00/bin/bin/../../lib/gcc/pic32c/8.3.1/../../../../pic32c/lib/thumb/v7e-m+fp/hard\libpic32c.a(_close.o)
 .debug_ranges  0x000003d8       0x10 c:/program files/microchip/xc32/v3.00/bin/bin/../../lib/gcc/pic32c/8.3.1/../../../../pic32c/lib/thumb/v7e-m+fp/hard\libpic32c.a(_fstat.o)
 .debug_ranges  0x000003e8       0x10 c:/program files/microchip/xc32/v3.00/bin/bin/../../lib/gcc/pic32c/8.3.1/../../../../pic32c/lib/thumb/v7e-m+fp/hard\libpic32c.a(_isatty.o)
 .debug_ranges  0x000003f8       0x10 c:/program files/microchip/xc32/v3.00/bin/bin/../../lib/gcc/pic32c/8.3.1/../../../../pic32c/lib/thumb/v7e-m+fp/hard\libpic32c.a(_lseek.o)
 .debug_ranges  0x00000408       0x10 c:/program files/microchip/xc32/v3.00/bin/bin/../../lib/gcc/pic32c/8.3.1/../../../../pic32c/lib/thumb/v7e-m+fp/hard\libpic32c.a(_read.o)
 .debug_ranges  0x00000418       0x10 c:/program files/microchip/xc32/v3.00/bin/bin/../../lib/gcc/pic32c/8.3.1/../../../../pic32c/lib/thumb/v7e-m+fp/hard\libpic32c.a(sbrk.o)
 .debug_ranges  0x00000428       0x10 c:/program files/microchip/xc32/v3.00/bin/bin/../../lib/gcc/pic32c/8.3.1/../../../../pic32c/lib/thumb/v7e-m+fp/hard\libpic32c.a(_write.o)
 .debug_ranges  0x00000438       0x10 c:/program files/microchip/xc32/v3.00/bin/bin/../../lib/gcc/pic32c/8.3.1/../../../../pic32c/lib/thumb/v7e-m+fp/hard\libpic32c.a(close.o)
 .debug_ranges  0x00000448       0x10 c:/program files/microchip/xc32/v3.00/bin/bin/../../lib/gcc/pic32c/8.3.1/../../../../pic32c/lib/thumb/v7e-m+fp/hard\libpic32c.a(fstat.o)
 .debug_ranges  0x00000458       0x10 c:/program files/microchip/xc32/v3.00/bin/bin/../../lib/gcc/pic32c/8.3.1/../../../../pic32c/lib/thumb/v7e-m+fp/hard\libpic32c.a(isatty.o)
 .debug_ranges  0x00000468       0x10 c:/program files/microchip/xc32/v3.00/bin/bin/../../lib/gcc/pic32c/8.3.1/../../../../pic32c/lib/thumb/v7e-m+fp/hard\libpic32c.a(lseek.o)
 .debug_ranges  0x00000478       0x10 c:/program files/microchip/xc32/v3.00/bin/bin/../../lib/gcc/pic32c/8.3.1/../../../../pic32c/lib/thumb/v7e-m+fp/hard\libpic32c.a(read.o)
 .debug_ranges  0x00000488       0x10 c:/program files/microchip/xc32/v3.00/bin/bin/../../lib/gcc/pic32c/8.3.1/../../../../pic32c/lib/thumb/v7e-m+fp/hard\libpic32c.a(write.o)

.debug_line     0x00000000     0x3c6b
 .debug_line    0x00000000      0x2f5 build/sam_e51_cnano/production/_ext/7187140/plib_clock.o
 .debug_line    0x000002f5      0x65f build/sam_e51_cnano/production/_ext/831021835/plib_dmac.o
 .debug_line    0x00000954      0x2f6 build/sam_e51_cnano/production/_ext/1220119669/plib_eic.o
 .debug_line    0x00000c4a      0x137 build/sam_e51_cnano/production/_ext/9336626/plib_evsys.o
 .debug_line    0x00000d81      0x383 build/sam_e51_cnano/production/_ext/830715028/plib_nvic.o
 .debug_line    0x00001104      0x524 build/sam_e51_cnano/production/_ext/226030394/plib_nvmctrl.o
 .debug_line    0x00001628      0x315 build/sam_e51_cnano/production/_ext/830661877/plib_port.o
 .debug_line    0x0000193d      0x4d4 build/sam_e51_cnano/production/_ext/1220132503/plib_rtc_timer.o
 .debug_line    0x00001e11      0x57d build/sam_e51_cnano/production/_ext/314480351/plib_sercom5_usart.o
 .debug_line    0x0000238e       0x83 build/sam_e51_cnano/production/_ext/865175840/xc32_monitor.o
 .debug_line    0x00002411      0x2bb build/sam_e51_cnano/production/_ext/570918426/startup_xc32.o
 .debug_line    0x000026cc      0x3d6 build/sam_e51_cnano/production/_ext/570918426/initialization.o
 .debug_line    0x00002aa2      0x207 build/sam_e51_cnano/production/_ext/570918426/exceptions.o
 .debug_line    0x00002ca9      0x1ae build/sam_e51_cnano/production/_ext/570918426/interrupts.o
 .debug_line    0x00002e57      0x426 build/sam_e51_cnano/production/_ext/1360937237/main_sam_e51_cnano.o
 .debug_line    0x0000327d      0x110 c:/program files/microchip/xc32/v3.00/bin/bin/../../lib/gcc/pic32c/8.3.1/../../../../pic32c/lib/thumb/v7e-m+fp/hard\libpic32c.a(data_init.o)
 .debug_line    0x0000338d       0x9f c:/program files/microchip/xc32/v3.00/bin/bin/../../lib/gcc/pic32c/8.3.1/../../../../pic32c/lib/thumb/v7e-m+fp/hard\libpic32c.a(_close.o)
 .debug_line    0x0000342c       0x9f c:/program files/microchip/xc32/v3.00/bin/bin/../../lib/gcc/pic32c/8.3.1/../../../../pic32c/lib/thumb/v7e-m+fp/hard\libpic32c.a(_fstat.o)
 .debug_line    0x000034cb       0xa0 c:/program files/microchip/xc32/v3.00/bin/bin/../../lib/gcc/pic32c/8.3.1/../../../../pic32c/lib/thumb/v7e-m+fp/hard\libpic32c.a(_isatty.o)
 .debug_line    0x0000356b       0x9f c:/program files/microchip/xc32/v3.00/bin/bin/../../lib/gcc/pic32c/8.3.1/../../../../pic32c/lib/thumb/v7e-m+fp/hard\libpic32c.a(_lseek.o)
 .debug_line    0x0000360a       0x9e c:/program files/microchip/xc32/v3.00/bin/bin/../../lib/gcc/pic32c/8.3.1/../../../../pic32c/lib/thumb/v7e-m+fp/hard\libpic32c.a(_read.o)
 .debug_line    0x000036a8       0xb5 c:/program files/microchip/xc32/v3.00/bin/bin/../../lib/gcc/pic32c/8.3.1/../../../../pic32c/lib/thumb/v7e-m+fp/hard\libpic32c.a(sbrk.o)
 .debug_line    0x0000375d       0x9f c:/program files/microchip/xc32/v3.00/bin/bin/../../lib/gcc/pic32c/8.3.1/../../../../pic32c/lib/thumb/v7e-m+fp/hard\libpic32c.a(_write.o)
 .debug_line    0x000037fc       0x9e c:/program files/microchip/xc32/v3.00/bin/bin/../../lib/gcc/pic32c/8.3.1/../../../../pic32c/lib/thumb/v7e-m+fp/hard\libpic32c.a(close.o)
 .debug_line    0x0000389a      0x106 c:/program files/microchip/xc32/v3.00/bin/bin/../../lib/gcc/pic32c/8.3.1/../../../../pic32c/lib/thumb/v7e-m+fp/hard\libpic32c.a(fstat.o)
 .debug_line    0x000039a0       0x9d c:/program files/microchip/xc32/v3.00/bin/bin/../../lib/gcc/pic32c/8.3.1/../../../../pic32c/lib/thumb/v7e-m+fp/hard\libpic32c.a(isatty.o)
 .debug_line    0x00003a3d       0x9e c:/program files/microchip/xc32/v3.00/bin/bin/../../lib/gcc/pic32c/8.3.1/../../../../pic32c/lib/thumb/v7e-m+fp/hard\libpic32c.a(lseek.o)
 .debug_line    0x00003adb       0xc0 c:/program files/microchip/xc32/v3.00/bin/bin/../../lib/gcc/pic32c/8.3.1/../../../../pic32c/lib/thumb/v7e-m+fp/hard\libpic32c.a(read.o)
 .debug_line    0x00003b9b       0xd0 c:/program files/microchip/xc32/v3.00/bin/bin/../../lib/gcc/pic32c/8.3.1/../../../../pic32c/lib/thumb/v7e-m+fp/hard\libpic32c.a(write.o)

.debug_str      0x00000000      0x5c9
 .debug_str     0x00000000       0x1e build/sam_e51_cnano/production/_ext/7187140/plib_clock.o
 .debug_str     0x0000001e       0x48 build/sam_e51_cnano/production/_ext/831021835/plib_dmac.o
 .debug_str     0x00000066        0x9 build/sam_e51_cnano/production/_ext/1220119669/plib_eic.o
 .debug_str     0x0000006f        0x0 build/sam_e51_cnano/production/_ext/9336626/plib_evsys.o
 .debug_str     0x0000006f        0xa build/sam_e51_cnano/production/_ext/830715028/plib_nvic.o
 .debug_str     0x00000079       0x29 build/sam_e51_cnano/production/_ext/226030394/plib_nvmctrl.o
 .debug_str     0x000000a2        0xb build/sam_e51_cnano/production/_ext/830661877/plib_port.o
 .debug_str     0x000000ad      0x123 build/sam_e51_cnano/production/_ext/1220132503/plib_rtc_timer.o
 .debug_str     0x000001d0      0x123 build/sam_e51_cnano/production/_ext/314480351/plib_sercom5_usart.o
 .debug_str     0x000002f3        0x0 build/sam_e51_cnano/production/_ext/865175840/xc32_monitor.o
 .debug_str     0x000002f3       0x2f build/sam_e51_cnano/production/_ext/570918426/startup_xc32.o
 .debug_str     0x00000322       0xaa build/sam_e51_cnano/production/_ext/570918426/initialization.o
 .debug_str     0x000003cc        0xe build/sam_e51_cnano/production/_ext/570918426/exceptions.o
 .debug_str     0x000003da        0xe build/sam_e51_cnano/production/_ext/570918426/interrupts.o
 .debug_str     0x000003e8      0x1e1 build/sam_e51_cnano/production/_ext/1360937237/main_sam_e51_cnano.o
 .debug_str     0x000005c9        0x0 c:/program files/microchip/xc32/v3.00/bin/bin/../../lib/gcc/pic32c/8.3.1/../../../../pic32c/lib/thumb/v7e-m+fp/hard\libpic32c.a(data_init.o)
 .debug_str     0x000005c9        0x0 c:/program files/microchip/xc32/v3.00/bin/bin/../../lib/gcc/pic32c/8.3.1/../../../../pic32c/lib/thumb/v7e-m+fp/hard\libpic32c.a(_close.o)
 .debug_str     0x000005c9        0x0 c:/program files/microchip/xc32/v3.00/bin/bin/../../lib/gcc/pic32c/8.3.1/../../../../pic32c/lib/thumb/v7e-m+fp/hard\libpic32c.a(_fstat.o)
 .debug_str     0x000005c9        0x0 c:/program files/microchip/xc32/v3.00/bin/bin/../../lib/gcc/pic32c/8.3.1/../../../../pic32c/lib/thumb/v7e-m+fp/hard\libpic32c.a(_isatty.o)
 .debug_str     0x000005c9        0x0 c:/program files/microchip/xc32/v3.00/bin/bin/../../lib/gcc/pic32c/8.3.1/../../../../pic32c/lib/thumb/v7e-m+fp/hard\libpic32c.a(_lseek.o)
 .debug_str     0x000005c9        0x0 c:/program files/microchip/xc32/v3.00/bin/bin/../../lib/gcc/pic32c/8.3.1/../../../../pic32c/lib/thumb/v7e-m+fp/hard\libpic32c.a(_read.o)
 .debug_str     0x000005c9        0x0 c:/program files/microchip/xc32/v3.00/bin/bin/../../lib/gcc/pic32c/8.3.1/../../../../pic32c/lib/thumb/v7e-m+fp/hard\libpic32c.a(sbrk.o)
 .debug_str     0x000005c9        0x0 c:/program files/microchip/xc32/v3.00/bin/bin/../../lib/gcc/pic32c/8.3.1/../../../../pic32c/lib/thumb/v7e-m+fp/hard\libpic32c.a(_write.o)
 .debug_str     0x000005c9        0x0 c:/program files/microchip/xc32/v3.00/bin/bin/../../lib/gcc/pic32c/8.3.1/../../../../pic32c/lib/thumb/v7e-m+fp/hard\libpic32c.a(close.o)
 .debug_str     0x000005c9        0x0 c:/program files/microchip/xc32/v3.00/bin/bin/../../lib/gcc/pic32c/8.3.1/../../../../pic32c/lib/thumb/v7e-m+fp/hard\libpic32c.a(fstat.o)
 .debug_str     0x000005c9        0x0 c:/program files/microchip/xc32/v3.00/bin/bin/../../lib/gcc/pic32c/8.3.1/../../../../pic32c/lib/thumb/v7e-m+fp/hard\libpic32c.a(isatty.o)
 .debug_str     0x000005c9        0x0 c:/program files/microchip/xc32/v3.00/bin/bin/../../lib/gcc/pic32c/8.3.1/../../../../pic32c/lib/thumb/v7e-m+fp/hard\libpic32c.a(lseek.o)
 .debug_str     0x000005c9        0x0 c:/program files/microchip/xc32/v3.00/bin/bin/../../lib/gcc/pic32c/8.3.1/../../../../pic32c/lib/thumb/v7e-m+fp/hard\libpic32c.a(read.o)
 .debug_str     0x000005c9        0x0 c:/program files/microchip/xc32/v3.00/bin/bin/../../lib/gcc/pic32c/8.3.1/../../../../pic32c/lib/thumb/v7e-m+fp/hard\libpic32c.a(write.o)

.debug_frame    0x00000000      0xa00
 .debug_frame   0x00000000       0x20 build/sam_e51_cnano/production/_ext/7187140/plib_clock.o
 .debug_frame   0x00000020      0x148 build/sam_e51_cnano/production/_ext/831021835/plib_dmac.o
 .debug_frame   0x00000168       0x78 build/sam_e51_cnano/production/_ext/1220119669/plib_eic.o
 .debug_frame   0x000001e0       0x20 build/sam_e51_cnano/production/_ext/9336626/plib_evsys.o
 .debug_frame   0x00000200       0x50 build/sam_e51_cnano/production/_ext/830715028/plib_nvic.o
 .debug_frame   0x00000250      0x170 build/sam_e51_cnano/production/_ext/226030394/plib_nvmctrl.o
 .debug_frame   0x000003c0       0xcc build/sam_e51_cnano/production/_ext/830661877/plib_port.o
 .debug_frame   0x0000048c      0x128 build/sam_e51_cnano/production/_ext/1220132503/plib_rtc_timer.o
 .debug_frame   0x000005b4       0xe0 build/sam_e51_cnano/production/_ext/314480351/plib_sercom5_usart.o
 .debug_frame   0x00000694       0x30 build/sam_e51_cnano/production/_ext/865175840/xc32_monitor.o
 .debug_frame   0x000006c4       0x38 build/sam_e51_cnano/production/_ext/570918426/startup_xc32.o
 .debug_frame   0x000006fc       0x28 build/sam_e51_cnano/production/_ext/570918426/initialization.o
 .debug_frame   0x00000724       0x70 build/sam_e51_cnano/production/_ext/570918426/exceptions.o
 .debug_frame   0x00000794       0x20 build/sam_e51_cnano/production/_ext/570918426/interrupts.o
 .debug_frame   0x000007b4       0x5c build/sam_e51_cnano/production/_ext/1360937237/main_sam_e51_cnano.o
 .debug_frame   0x00000810       0x38 c:/program files/microchip/xc32/v3.00/bin/bin/../../lib/gcc/pic32c/8.3.1/../../../../pic32c/lib/thumb/v7e-m+fp/hard\libpic32c.a(data_init.o)
 .debug_frame   0x00000848       0x20 c:/program files/microchip/xc32/v3.00/bin/bin/../../lib/gcc/pic32c/8.3.1/../../../../pic32c/lib/thumb/v7e-m+fp/hard\libpic32c.a(_close.o)
 .debug_frame   0x00000868       0x20 c:/program files/microchip/xc32/v3.00/bin/bin/../../lib/gcc/pic32c/8.3.1/../../../../pic32c/lib/thumb/v7e-m+fp/hard\libpic32c.a(_fstat.o)
 .debug_frame   0x00000888       0x20 c:/program files/microchip/xc32/v3.00/bin/bin/../../lib/gcc/pic32c/8.3.1/../../../../pic32c/lib/thumb/v7e-m+fp/hard\libpic32c.a(_isatty.o)
 .debug_frame   0x000008a8       0x20 c:/program files/microchip/xc32/v3.00/bin/bin/../../lib/gcc/pic32c/8.3.1/../../../../pic32c/lib/thumb/v7e-m+fp/hard\libpic32c.a(_lseek.o)
 .debug_frame   0x000008c8       0x20 c:/program files/microchip/xc32/v3.00/bin/bin/../../lib/gcc/pic32c/8.3.1/../../../../pic32c/lib/thumb/v7e-m+fp/hard\libpic32c.a(_read.o)
 .debug_frame   0x000008e8       0x20 c:/program files/microchip/xc32/v3.00/bin/bin/../../lib/gcc/pic32c/8.3.1/../../../../pic32c/lib/thumb/v7e-m+fp/hard\libpic32c.a(sbrk.o)
 .debug_frame   0x00000908       0x20 c:/program files/microchip/xc32/v3.00/bin/bin/../../lib/gcc/pic32c/8.3.1/../../../../pic32c/lib/thumb/v7e-m+fp/hard\libpic32c.a(_write.o)
 .debug_frame   0x00000928       0x20 c:/program files/microchip/xc32/v3.00/bin/bin/../../lib/gcc/pic32c/8.3.1/../../../../pic32c/lib/thumb/v7e-m+fp/hard\libpic32c.a(close.o)
 .debug_frame   0x00000948       0x20 c:/program files/microchip/xc32/v3.00/bin/bin/../../lib/gcc/pic32c/8.3.1/../../../../pic32c/lib/thumb/v7e-m+fp/hard\libpic32c.a(fstat.o)
 .debug_frame   0x00000968       0x20 c:/program files/microchip/xc32/v3.00/bin/bin/../../lib/gcc/pic32c/8.3.1/../../../../pic32c/lib/thumb/v7e-m+fp/hard\libpic32c.a(isatty.o)
 .debug_frame   0x00000988       0x20 c:/program files/microchip/xc32/v3.00/bin/bin/../../lib/gcc/pic32c/8.3.1/../../../../pic32c/lib/thumb/v7e-m+fp/hard\libpic32c.a(lseek.o)
 .debug_frame   0x000009a8       0x2c c:/program files/microchip/xc32/v3.00/bin/bin/../../lib/gcc/pic32c/8.3.1/../../../../pic32c/lib/thumb/v7e-m+fp/hard\libpic32c.a(read.o)
 .debug_frame   0x000009d4       0x2c c:/program files/microchip/xc32/v3.00/bin/bin/../../lib/gcc/pic32c/8.3.1/../../../../pic32c/lib/thumb/v7e-m+fp/hard\libpic32c.a(write.o)

.debug_loc      0x00000000     0x16fa
 .debug_loc     0x00000000      0x6f5 build/sam_e51_cnano/production/_ext/831021835/plib_dmac.o
 .debug_loc     0x000006f5       0xa2 build/sam_e51_cnano/production/_ext/1220119669/plib_eic.o
 .debug_loc     0x00000797      0x139 build/sam_e51_cnano/production/_ext/830715028/plib_nvic.o
 .debug_loc     0x000008d0      0x4bf build/sam_e51_cnano/production/_ext/226030394/plib_nvmctrl.o
 .debug_loc     0x00000d8f      0x1bc build/sam_e51_cnano/production/_ext/830661877/plib_port.o
 .debug_loc     0x00000f4b       0xb4 build/sam_e51_cnano/production/_ext/1220132503/plib_rtc_timer.o
 .debug_loc     0x00000fff      0x5c8 build/sam_e51_cnano/production/_ext/314480351/plib_sercom5_usart.o
 .debug_loc     0x000015c7       0x25 build/sam_e51_cnano/production/_ext/865175840/xc32_monitor.o
 .debug_loc     0x000015ec       0x60 build/sam_e51_cnano/production/_ext/570918426/startup_xc32.o
 .debug_loc     0x0000164c       0x45 build/sam_e51_cnano/production/_ext/570918426/initialization.o
 .debug_loc     0x00001691       0x2d build/sam_e51_cnano/production/_ext/1360937237/main_sam_e51_cnano.o
 .debug_loc     0x000016be       0x14 c:/program files/microchip/xc32/v3.00/bin/bin/../../lib/gcc/pic32c/8.3.1/../../../../pic32c/lib/thumb/v7e-m+fp/hard\libpic32c.a(data_init.o)
 .debug_loc     0x000016d2       0x14 c:/program files/microchip/xc32/v3.00/bin/bin/../../lib/gcc/pic32c/8.3.1/../../../../pic32c/lib/thumb/v7e-m+fp/hard\libpic32c.a(read.o)
 .debug_loc     0x000016e6       0x14 c:/program files/microchip/xc32/v3.00/bin/bin/../../lib/gcc/pic32c/8.3.1/../../../../pic32c/lib/thumb/v7e-m+fp/hard\libpic32c.a(write.o)

.stack          0x200005e0      0x100
 .stack         0x200005e0      0x100 stack

.data.__global_locale%1
                0x20000004      0x16c
 .data.__global_locale
                0x20000004      0x16c c:/program files/microchip/xc32/v3.00/bin/bin/../../lib/gcc/pic32c/8.3.1/../../../../pic32c/lib/thumb/v7e-m+fp/hard\libc_nano.a(lib_a-locale.o)
                0x20000004                __global_locale

.bss.eicCallbackObject%2
                0x20000170       0xc0
 .bss.eicCallbackObject
                0x20000170       0xc0 build/sam_e51_cnano/production/_ext/1220119669/plib_eic.o

.bss.uartTxBuffer%3
                0x20000230       0x64
 .bss.uartTxBuffer
                0x20000230       0x64 build/sam_e51_cnano/production/_ext/1360937237/main_sam_e51_cnano.o

.data.impure_data%4
                0x20000294       0x60
 .data.impure_data
                0x20000294       0x60 c:/program files/microchip/xc32/v3.00/bin/bin/../../lib/gcc/pic32c/8.3.1/../../../../pic32c/lib/thumb/v7e-m+fp/hard\libc_nano.a(lib_a-impure.o)

.bss.__sf_fake_stderr%5
                0x200002f4       0x20
 .bss.__sf_fake_stderr
                0x200002f4       0x20 c:/program files/microchip/xc32/v3.00/bin/bin/../../lib/gcc/pic32c/8.3.1/../../../../pic32c/lib/thumb/v7e-m+fp/hard\libc_nano.a(lib_a-findfp.o)
                0x200002f4                __sf_fake_stderr

.bss.__sf_fake_stdin%6
                0x20000314       0x20
 .bss.__sf_fake_stdin
                0x20000314       0x20 c:/program files/microchip/xc32/v3.00/bin/bin/../../lib/gcc/pic32c/8.3.1/../../../../pic32c/lib/thumb/v7e-m+fp/hard\libc_nano.a(lib_a-findfp.o)
                0x20000314                __sf_fake_stdin

.bss.__sf_fake_stdout%7
                0x20000334       0x20
 .bss.__sf_fake_stdout
                0x20000334       0x20 c:/program files/microchip/xc32/v3.00/bin/bin/../../lib/gcc/pic32c/8.3.1/../../../../pic32c/lib/thumb/v7e-m+fp/hard\libc_nano.a(lib_a-findfp.o)
                0x20000334                __sf_fake_stdout

.bss%8          0x20000354       0x1c
 .bss           0x20000354       0x1c c:/program files/microchip/xc32/v3.00/bin/bin/../../lib/gcc/pic32c/8.3.1/thumb/v7e-m+fp/hard/crtbegin.o

.bss._write_back_section%9
                0x20000370       0x10
 .bss._write_back_section
                0x20000370       0x10 build/sam_e51_cnano/production/_ext/831021835/plib_dmac.o

.bss.descriptor_section%10
                0x20000380       0x10
 .bss.descriptor_section
                0x20000380       0x10 build/sam_e51_cnano/production/_ext/831021835/plib_dmac.o

.bss.dmacChannelObj%11
                0x20000390       0x10
 .bss.dmacChannelObj
                0x20000390       0x10 build/sam_e51_cnano/production/_ext/831021835/plib_dmac.o
                0x20000390                dmacChannelObj

.bss.rtcObj%12  0x200003a0        0xc
 .bss.rtcObj    0x200003a0        0xc build/sam_e51_cnano/production/_ext/1220132503/plib_rtc_timer.o

.bss%13         0x200003ac        0x4
 .bss           0x200003ac        0x4 c:/program files/microchip/xc32/v3.00/bin/bin/../../lib/gcc/pic32c/8.3.1/../../../../pic32c/lib/thumb/v7e-m+fp/hard\libpic32c.a(data_init.o)

.data._impure_ptr%14
                0x200003b0        0x4
 .data._impure_ptr
                0x200003b0        0x4 c:/program files/microchip/xc32/v3.00/bin/bin/../../lib/gcc/pic32c/8.3.1/../../../../pic32c/lib/thumb/v7e-m+fp/hard\libc_nano.a(lib_a-impure.o)
                0x200003b0                _impure_ptr

.bss.__malloc_free_list%15
                0x200003b4        0x4
 .bss.__malloc_free_list
                0x200003b4        0x4 c:/program files/microchip/xc32/v3.00/bin/bin/../../lib/gcc/pic32c/8.3.1/../../../../pic32c/lib/thumb/v7e-m+fp/hard\libc_nano.a(lib_a-nano-mallocr.o)
                0x200003b4                __malloc_free_list

.bss.__malloc_sbrk_start%16
                0x200003b8        0x4
 .bss.__malloc_sbrk_start
                0x200003b8        0x4 c:/program files/microchip/xc32/v3.00/bin/bin/../../lib/gcc/pic32c/8.3.1/../../../../pic32c/lib/thumb/v7e-m+fp/hard\libc_nano.a(lib_a-nano-mallocr.o)
                0x200003b8                __malloc_sbrk_start

.bss%17         0x200003bc        0x4
 .bss           0x200003bc        0x4 c:/program files/microchip/xc32/v3.00/bin/bin/../../lib/gcc/pic32c/8.3.1/../../../../pic32c/lib/thumb/v7e-m+fp/hard\libpic32c.a(sbrk.o)

.bss.changeTempSamplingRate%18
                0x200003c0        0x1
 .bss.changeTempSamplingRate
                0x200003c0        0x1 build/sam_e51_cnano/production/_ext/1360937237/main_sam_e51_cnano.o

.bss.isRTCExpired%19
                0x200003c1        0x1
 .bss.isRTCExpired
                0x200003c1        0x1 build/sam_e51_cnano/production/_ext/1360937237/main_sam_e51_cnano.o

.bss.tempSampleRate%20
                0x200003c2        0x1
 .bss.tempSampleRate
                0x200003c2        0x1 build/sam_e51_cnano/production/_ext/1360937237/main_sam_e51_cnano.o

.data.isUSARTTxComplete%21
                0x200003c3        0x1
 .data.isUSARTTxComplete
                0x200003c3        0x1 build/sam_e51_cnano/production/_ext/1360937237/main_sam_e51_cnano.o

.eh_frame%z1    0x00000000        0x0
 .eh_frame      0x00000000        0x0 c:/program files/microchip/xc32/v3.00/bin/bin/../../lib/gcc/pic32c/8.3.1/thumb/v7e-m+fp/hard/crtbegin.o

.dinit%22       0x00000280      0x2f0
 .dinit         0x00000280      0x2f0 data_init

.text._vfprintf_r_s%23
                0x00000570      0x278
 .text._vfprintf_r_s
                0x00000570      0x278 c:/program files/microchip/xc32/v3.00/bin/bin/../../lib/gcc/pic32c/8.3.1/../../../../pic32c/lib/thumb/v7e-m+fp/hard\libc_nano.a(_lib_a-nano-vfprintf.s.o)
                0x00000570                _vfprintf_r_s

.text.main%24   0x000007e8      0x160
 .text.main     0x000007e8      0x160 build/sam_e51_cnano/production/_ext/1360937237/main_sam_e51_cnano.o
                0x000007e8                main

.text.__sflush_r%25
                0x00000948      0x10c
 .text.__sflush_r
                0x00000948      0x10c c:/program files/microchip/xc32/v3.00/bin/bin/../../lib/gcc/pic32c/8.3.1/../../../../pic32c/lib/thumb/v7e-m+fp/hard\libc_nano.a(lib_a-fflush.o)
                0x00000948                __sflush_r

.rodata._ctype_%26
                0x00000a54      0x101
 .rodata._ctype_
                0x00000a54      0x101 c:/program files/microchip/xc32/v3.00/bin/bin/../../lib/gcc/pic32c/8.3.1/../../../../pic32c/lib/thumb/v7e-m+fp/hard\libc_nano.a(lib_a-ctype_.o)
                0x00000a54                _ctype_

.text._printf_common%27
                0x00000b56       0xea
 .text._printf_common
                0x00000b56       0xea c:/program files/microchip/xc32/v3.00/bin/bin/../../lib/gcc/pic32c/8.3.1/../../../../pic32c/lib/thumb/v7e-m+fp/hard\libc_nano.a(lib_a-nano-vfprintf_i.o)
                0x00000b56                _printf_common

.text.CLOCK_Initialize%28
                0x00000c40       0xe8
 .text.CLOCK_Initialize
                0x00000c40       0xe8 build/sam_e51_cnano/production/_ext/7187140/plib_clock.o
                0x00000c40                CLOCK_Initialize

.text.__swsetup_r%29
                0x00000d28       0xdc
 .text.__swsetup_r
                0x00000d28       0xdc c:/program files/microchip/xc32/v3.00/bin/bin/../../lib/gcc/pic32c/8.3.1/../../../../pic32c/lib/thumb/v7e-m+fp/hard\libc_nano.a(lib_a-wsetup.o)
                0x00000d28                __swsetup_r

.text.DMAC_ChannelTransfer%30
                0x00000e04       0xc4
 .text.DMAC_ChannelTransfer
                0x00000e04       0xc4 build/sam_e51_cnano/production/_ext/831021835/plib_dmac.o
                0x00000e04                DMAC_ChannelTransfer

.text.__swbuf_r%31
                0x00000ec8       0xbc
 .text.__swbuf_r
                0x00000ec8       0xbc c:/program files/microchip/xc32/v3.00/bin/bin/../../lib/gcc/pic32c/8.3.1/../../../../pic32c/lib/thumb/v7e-m+fp/hard\libc_nano.a(lib_a-wbuf.o)
                0x00000ec8                __swbuf_r

.text._malloc_r%32
                0x00000f84       0xb4
 .text._malloc_r
                0x00000f84       0xb4 c:/program files/microchip/xc32/v3.00/bin/bin/../../lib/gcc/pic32c/8.3.1/../../../../pic32c/lib/thumb/v7e-m+fp/hard\libc_nano.a(lib_a-nano-mallocr.o)
                0x00000f84                _malloc_r

.text%33        0x00001040       0xa0
 .text          0x00001040       0xa0 c:/program files/microchip/xc32/v3.00/bin/bin/../../lib/gcc/pic32c/8.3.1/../../../../pic32c/lib/thumb/v7e-m+fp/hard\libc_nano.a(lib_a-memchr.o)
                0x00001040                memchr

.text._free_r%34
                0x000010e0       0x9c
 .text._free_r  0x000010e0       0x9c c:/program files/microchip/xc32/v3.00/bin/bin/../../lib/gcc/pic32c/8.3.1/../../../../pic32c/lib/thumb/v7e-m+fp/hard\libc_nano.a(lib_a-nano-freer.o)
                0x000010e0                _free_r

.text.EIC_Initialize%35
                0x0000117c       0x90
 .text.EIC_Initialize
                0x0000117c       0x90 build/sam_e51_cnano/production/_ext/1220119669/plib_eic.o
                0x0000117c                EIC_Initialize

.text.Reset_Handler%36
                0x0000120c       0x90
 .text.Reset_Handler
                0x0000120c       0x90 build/sam_e51_cnano/production/_ext/570918426/startup_xc32.o
                0x0000120c                Reset_Handler

.text.__smakebuf_r%37
                0x0000129c       0x8c
 .text.__smakebuf_r
                0x0000129c       0x8c c:/program files/microchip/xc32/v3.00/bin/bin/../../lib/gcc/pic32c/8.3.1/../../../../pic32c/lib/thumb/v7e-m+fp/hard\libc_nano.a(lib_a-makebuf.o)
                0x0000129c                __smakebuf_r

.text.__pic32c_data_initialization%38
                0x00001328       0x88
 .text.__pic32c_data_initialization
                0x00001328       0x88 c:/program files/microchip/xc32/v3.00/bin/bin/../../lib/gcc/pic32c/8.3.1/../../../../pic32c/lib/thumb/v7e-m+fp/hard\libpic32c.a(data_init.o)
                0x00001328                __pic32c_data_initialization

.text.__fputwc%39
                0x000013b0       0x82
 .text.__fputwc
                0x000013b0       0x82 c:/program files/microchip/xc32/v3.00/bin/bin/../../lib/gcc/pic32c/8.3.1/../../../../pic32c/lib/thumb/v7e-m+fp/hard\libc_nano.a(lib_a-fputwc.o)
                0x000013b0                __fputwc

.text._DMAC_interruptHandler%40
                0x00001434       0x80
 .text._DMAC_interruptHandler
                0x00001434       0x80 build/sam_e51_cnano/production/_ext/831021835/plib_dmac.o
                0x00001434                _DMAC_interruptHandler

.text.__sfp%41  0x000014b4       0x78
 .text.__sfp    0x000014b4       0x78 c:/program files/microchip/xc32/v3.00/bin/bin/../../lib/gcc/pic32c/8.3.1/../../../../pic32c/lib/thumb/v7e-m+fp/hard\libc_nano.a(lib_a-findfp.o)
                0x000014b4                __sfp

.rodata%42      0x0000152c       0x70
 .rodata        0x0000152c       0x70 build/sam_e51_cnano/production/_ext/1360937237/main_sam_e51_cnano.o

.text.__sinit%43
                0x0000159c       0x60
 .text.__sinit  0x0000159c       0x60 c:/program files/microchip/xc32/v3.00/bin/bin/../../lib/gcc/pic32c/8.3.1/../../../../pic32c/lib/thumb/v7e-m+fp/hard\libc_nano.a(lib_a-findfp.o)
                0x0000159c                __sinit

.text.DMAC_Initialize%44
                0x000015fc       0x54
 .text.DMAC_Initialize
                0x000015fc       0x54 build/sam_e51_cnano/production/_ext/831021835/plib_dmac.o
                0x000015fc                DMAC_Initialize

.text._fflush_r%45
                0x00001650       0x54
 .text._fflush_r
                0x00001650       0x54 c:/program files/microchip/xc32/v3.00/bin/bin/../../lib/gcc/pic32c/8.3.1/../../../../pic32c/lib/thumb/v7e-m+fp/hard\libc_nano.a(lib_a-fflush.o)
                0x00001650                _fflush_r

.rodata.timeouts%46
                0x000016a4       0x50
 .rodata.timeouts
                0x000016a4       0x50 build/sam_e51_cnano/production/_ext/1360937237/main_sam_e51_cnano.o

.text.__ssfputs_r%47
                0x000016f4       0x4a
 .text.__ssfputs_r
                0x000016f4       0x4a c:/program files/microchip/xc32/v3.00/bin/bin/../../lib/gcc/pic32c/8.3.1/../../../../pic32c/lib/thumb/v7e-m+fp/hard\libc_nano.a(lib_a-__ssfputs.o)
                0x000016f4                __ssfputs_r

.text.NVIC_Initialize%48
                0x00001740       0x48
 .text.NVIC_Initialize
                0x00001740       0x48 build/sam_e51_cnano/production/_ext/830715028/plib_nvic.o
                0x00001740                NVIC_Initialize

.text.RTC_Initialize%49
                0x00001788       0x48
 .text.RTC_Initialize
                0x00001788       0x48 build/sam_e51_cnano/production/_ext/1220132503/plib_rtc_timer.o
                0x00001788                RTC_Initialize

.text.__libc_init_array%50
                0x000017d0       0x48
 .text.__libc_init_array
                0x000017d0       0x48 c:/program files/microchip/xc32/v3.00/bin/bin/../../lib/gcc/pic32c/8.3.1/../../../../pic32c/lib/thumb/v7e-m+fp/hard\libc_nano.a(lib_a-init.o)
                0x000017d0                __libc_init_array

.text.std%51    0x00001818       0x48
 .text.std      0x00001818       0x48 c:/program files/microchip/xc32/v3.00/bin/bin/../../lib/gcc/pic32c/8.3.1/../../../../pic32c/lib/thumb/v7e-m+fp/hard\libc_nano.a(lib_a-findfp.o)

.text.__swhatbuf_r%52
                0x00001860       0x48
 .text.__swhatbuf_r
                0x00001860       0x48 c:/program files/microchip/xc32/v3.00/bin/bin/../../lib/gcc/pic32c/8.3.1/../../../../pic32c/lib/thumb/v7e-m+fp/hard\libc_nano.a(lib_a-makebuf.o)
                0x00001860                __swhatbuf_r

.text%53        0x000018a8       0x40
 .text          0x000018a8       0x40 c:/program files/microchip/xc32/v3.00/bin/bin/../../lib/gcc/pic32c/8.3.1/thumb/v7e-m+fp/hard/crtbegin.o

.text.write%54  0x000018e8       0x40
 .text.write    0x000018e8       0x40 c:/program files/microchip/xc32/v3.00/bin/bin/../../lib/gcc/pic32c/8.3.1/../../../../pic32c/lib/thumb/v7e-m+fp/hard\libpic32c.a(write.o)
                0x000018e8                write

.text._sprintf_s%55
                0x00001928       0x3c
 .text._sprintf_s
                0x00001928       0x3c c:/program files/microchip/xc32/v3.00/bin/bin/../../lib/gcc/pic32c/8.3.1/../../../../pic32c/lib/thumb/v7e-m+fp/hard\libc_nano.a(_lib_a-sprintf.s.o)
                0x00001928                __sprintf_s
                0x00001928                _sprintf_s

.text._fwalk_reent%56
                0x00001964       0x3c
 .text._fwalk_reent
                0x00001964       0x3c c:/program files/microchip/xc32/v3.00/bin/bin/../../lib/gcc/pic32c/8.3.1/../../../../pic32c/lib/thumb/v7e-m+fp/hard\libc_nano.a(lib_a-fwalk.o)
                0x00001964                _fwalk_reent

.text.__swrite%57
                0x000019a0       0x38
 .text.__swrite
                0x000019a0       0x38 c:/program files/microchip/xc32/v3.00/bin/bin/../../lib/gcc/pic32c/8.3.1/../../../../pic32c/lib/thumb/v7e-m+fp/hard\libc_nano.a(lib_a-stdio.o)
                0x000019a0                __swrite

.text.SERCOM5_USART_Initialize%58
                0x000019d8       0x34
 .text.SERCOM5_USART_Initialize
                0x000019d8       0x34 build/sam_e51_cnano/production/_ext/314480351/plib_sercom5_usart.o
                0x000019d8                SERCOM5_USART_Initialize

.text.__sfputc_r%59
                0x00001a0c       0x2e
 .text.__sfputc_r
                0x00001a0c       0x2e c:/program files/microchip/xc32/v3.00/bin/bin/../../lib/gcc/pic32c/8.3.1/../../../../pic32c/lib/thumb/v7e-m+fp/hard\libc_nano.a(lib_a-__ssfputs.o)

.text.EIC_CallbackRegister%60
                0x00001a3c       0x2c
 .text.EIC_CallbackRegister
                0x00001a3c       0x2c build/sam_e51_cnano/production/_ext/1220119669/plib_eic.o
                0x00001a3c                EIC_CallbackRegister

.text.__sfmoreglue%61
                0x00001a68       0x2c
 .text.__sfmoreglue
                0x00001a68       0x2c c:/program files/microchip/xc32/v3.00/bin/bin/../../lib/gcc/pic32c/8.3.1/../../../../pic32c/lib/thumb/v7e-m+fp/hard\libc_nano.a(lib_a-findfp.o)
                0x00001a68                __sfmoreglue

.text._wcrtomb_r%62
                0x00001a94       0x2c
 .text._wcrtomb_r
                0x00001a94       0x2c c:/program files/microchip/xc32/v3.00/bin/bin/../../lib/gcc/pic32c/8.3.1/../../../../pic32c/lib/thumb/v7e-m+fp/hard\libc_nano.a(lib_a-wcrtomb.o)
                0x00001a94                _wcrtomb_r

.text._sbrk%63  0x00001ac0       0x2c
 .text._sbrk    0x00001ac0       0x2c c:/program files/microchip/xc32/v3.00/bin/bin/../../lib/gcc/pic32c/8.3.1/../../../../pic32c/lib/thumb/v7e-m+fp/hard\libpic32c.a(sbrk.o)
                0x00001ac0                _sbrk

.text.PORT_Initialize%64
                0x00001aec       0x28
 .text.PORT_Initialize
                0x00001aec       0x28 build/sam_e51_cnano/production/_ext/830661877/plib_port.o
                0x00001aec                PORT_Initialize

.text.RTC_InterruptHandler%65
                0x00001b14       0x28
 .text.RTC_InterruptHandler
                0x00001b14       0x28 build/sam_e51_cnano/production/_ext/1220132503/plib_rtc_timer.o
                0x00001b14                RTC_InterruptHandler

.text.SYS_Initialize%66
                0x00001b3c       0x28
 .text.SYS_Initialize
                0x00001b3c       0x28 build/sam_e51_cnano/production/_ext/570918426/initialization.o
                0x00001b3c                SYS_Initialize

.text.read%67   0x00001b64       0x28
 .text.read     0x00001b64       0x28 c:/program files/microchip/xc32/v3.00/bin/bin/../../lib/gcc/pic32c/8.3.1/../../../../pic32c/lib/thumb/v7e-m+fp/hard\libpic32c.a(read.o)
                0x00001b64                read

.text.EIC_EXTINT_15_InterruptHandler%68
                0x00001b8c       0x24
 .text.EIC_EXTINT_15_InterruptHandler
                0x00001b8c       0x24 build/sam_e51_cnano/production/_ext/1220119669/plib_eic.o
                0x00001b8c                EIC_EXTINT_15_InterruptHandler

.text.__ascii_mbtowc%69
                0x00001bb0       0x24
 .text.__ascii_mbtowc
                0x00001bb0       0x24 c:/program files/microchip/xc32/v3.00/bin/bin/../../lib/gcc/pic32c/8.3.1/../../../../pic32c/lib/thumb/v7e-m+fp/hard\libc_nano.a(lib_a-mbtowc_r.o)
                0x00001bb0                __ascii_mbtowc

.text.__sseek%70
                0x00001bd4       0x24
 .text.__sseek  0x00001bd4       0x24 c:/program files/microchip/xc32/v3.00/bin/bin/../../lib/gcc/pic32c/8.3.1/../../../../pic32c/lib/thumb/v7e-m+fp/hard\libc_nano.a(lib_a-stdio.o)
                0x00001bd4                __sseek

.text._write_r%71
                0x00001bf8       0x24
 .text._write_r
                0x00001bf8       0x24 c:/program files/microchip/xc32/v3.00/bin/bin/../../lib/gcc/pic32c/8.3.1/../../../../pic32c/lib/thumb/v7e-m+fp/hard\libc_nano.a(lib_a-writer.o)
                0x00001bf8                _write_r

.text._lseek_r%72
                0x00001c1c       0x24
 .text._lseek_r
                0x00001c1c       0x24 c:/program files/microchip/xc32/v3.00/bin/bin/../../lib/gcc/pic32c/8.3.1/../../../../pic32c/lib/thumb/v7e-m+fp/hard\libc_nano.a(lib_a-lseekr.o)
                0x00001c1c                _lseek_r

.text._read_r%73
                0x00001c40       0x24
 .text._read_r  0x00001c40       0x24 c:/program files/microchip/xc32/v3.00/bin/bin/../../lib/gcc/pic32c/8.3.1/../../../../pic32c/lib/thumb/v7e-m+fp/hard\libc_nano.a(lib_a-readr.o)
                0x00001c40                _read_r

.text._fstat_r%74
                0x00001c64       0x24
 .text._fstat_r
                0x00001c64       0x24 c:/program files/microchip/xc32/v3.00/bin/bin/../../lib/gcc/pic32c/8.3.1/../../../../pic32c/lib/thumb/v7e-m+fp/hard\libc_nano.a(lib_a-fstatr.o)
                0x00001c64                _fstat_r

.text.__sread%75
                0x00001c88       0x22
 .text.__sread  0x00001c88       0x22 c:/program files/microchip/xc32/v3.00/bin/bin/../../lib/gcc/pic32c/8.3.1/../../../../pic32c/lib/thumb/v7e-m+fp/hard\libc_nano.a(lib_a-stdio.o)
                0x00001c88                __sread

.text._sbrk_r%76
                0x00001cac       0x20
 .text._sbrk_r  0x00001cac       0x20 c:/program files/microchip/xc32/v3.00/bin/bin/../../lib/gcc/pic32c/8.3.1/../../../../pic32c/lib/thumb/v7e-m+fp/hard\libc_nano.a(lib_a-sbrkr.o)
                0x00001cac                _sbrk_r

.text._close_r%77
                0x00001ccc       0x20
 .text._close_r
                0x00001ccc       0x20 c:/program files/microchip/xc32/v3.00/bin/bin/../../lib/gcc/pic32c/8.3.1/../../../../pic32c/lib/thumb/v7e-m+fp/hard\libc_nano.a(lib_a-closer.o)
                0x00001ccc                _close_r

.text._isatty_r%78
                0x00001cec       0x20
 .text._isatty_r
                0x00001cec       0x20 c:/program files/microchip/xc32/v3.00/bin/bin/../../lib/gcc/pic32c/8.3.1/../../../../pic32c/lib/thumb/v7e-m+fp/hard\libc_nano.a(lib_a-isattyr.o)
                0x00001cec                _isatty_r

.text._fputwc_r%79
                0x00001d0c       0x1c
 .text._fputwc_r
                0x00001d0c       0x1c c:/program files/microchip/xc32/v3.00/bin/bin/../../lib/gcc/pic32c/8.3.1/../../../../pic32c/lib/thumb/v7e-m+fp/hard\libc_nano.a(lib_a-fputwc.o)
                0x00001d0c                _fputwc_r

.text.__ascii_wctomb%80
                0x00001d28       0x1a
 .text.__ascii_wctomb
                0x00001d28       0x1a c:/program files/microchip/xc32/v3.00/bin/bin/../../lib/gcc/pic32c/8.3.1/../../../../pic32c/lib/thumb/v7e-m+fp/hard\libc_nano.a(lib_a-wctomb_r.o)
                0x00001d28                __ascii_wctomb

.text.RTC_Timer32Start%81
                0x00001d44       0x18
 .text.RTC_Timer32Start
                0x00001d44       0x18 build/sam_e51_cnano/production/_ext/1220132503/plib_rtc_timer.o
                0x00001d44                RTC_Timer32Start

.text.RTC_Timer32CounterSet%82
                0x00001d5c       0x14
 .text.RTC_Timer32CounterSet
                0x00001d5c       0x14 build/sam_e51_cnano/production/_ext/1220132503/plib_rtc_timer.o
                0x00001d5c                RTC_Timer32CounterSet

.text.RTC_Timer32Compare0Set%83
                0x00001d70       0x14
 .text.RTC_Timer32Compare0Set
                0x00001d70       0x14 build/sam_e51_cnano/production/_ext/1220132503/plib_rtc_timer.o
                0x00001d70                RTC_Timer32Compare0Set

.text.rtcEventHandler%84
                0x00001d84       0x14
 .text.rtcEventHandler
                0x00001d84       0x14 build/sam_e51_cnano/production/_ext/1360937237/main_sam_e51_cnano.o

.text._vfprintf_s%85
                0x00001d98       0x14
 .text._vfprintf_s
                0x00001d98       0x14 c:/program files/microchip/xc32/v3.00/bin/bin/../../lib/gcc/pic32c/8.3.1/../../../../pic32c/lib/thumb/v7e-m+fp/hard\libc_nano.a(_lib_a-nano-vfprintf.s.o)
                0x00001d98                _vfprintf_s

.rodata%86      0x00001dac       0x11
 .rodata        0x00001dac       0x11 c:/program files/microchip/xc32/v3.00/bin/bin/../../lib/gcc/pic32c/8.3.1/../../../../pic32c/lib/thumb/v7e-m+fp/hard\libc_nano.a(_lib_a-nano-vfprintf.s.o)

.text.DMAC_ChannelCallbackRegister%87
                0x00001dc0       0x10
 .text.DMAC_ChannelCallbackRegister
                0x00001dc0       0x10 build/sam_e51_cnano/production/_ext/831021835/plib_dmac.o
                0x00001dc0                DMAC_ChannelCallbackRegister

.text.NVMCTRL_Initialize%88
                0x00001dd0       0x10
 .text.NVMCTRL_Initialize
                0x00001dd0       0x10 build/sam_e51_cnano/production/_ext/226030394/plib_nvmctrl.o
                0x00001dd0                NVMCTRL_Initialize

.text.usartDmaChannelHandler%89
                0x00001de0       0x10
 .text.usartDmaChannelHandler
                0x00001de0       0x10 build/sam_e51_cnano/production/_ext/1360937237/main_sam_e51_cnano.o

.text.memset%90
                0x00001df0       0x10
 .text.memset   0x00001df0       0x10 c:/program files/microchip/xc32/v3.00/bin/bin/../../lib/gcc/pic32c/8.3.1/../../../../pic32c/lib/thumb/v7e-m+fp/hard\libc_nano.a(lib_a-memset.o)
                0x00001df0                memset

.text%91        0x00001e00       0x10
 .text          0x00001e00       0x10 c:/program files/microchip/xc32/v3.00/bin/bin/../../lib/gcc/pic32c/8.3.1/../../../../pic32c/lib/thumb/v7e-m+fp/hard\libc_nano.a(lib_a-strlen.o)
                0x00001e00                strlen

.text.RTC_Timer32CallbackRegister%92
                0x00001e10        0xc
 .text.RTC_Timer32CallbackRegister
                0x00001e10        0xc build/sam_e51_cnano/production/_ext/1220132503/plib_rtc_timer.o
                0x00001e10                RTC_Timer32CallbackRegister

.text.EIC_User_Handler%93
                0x00001e1c        0xc
 .text.EIC_User_Handler
                0x00001e1c        0xc build/sam_e51_cnano/production/_ext/1360937237/main_sam_e51_cnano.o

.text._cleanup_r%94
                0x00001e28        0xc
 .text._cleanup_r
                0x00001e28        0xc c:/program files/microchip/xc32/v3.00/bin/bin/../../lib/gcc/pic32c/8.3.1/../../../../pic32c/lib/thumb/v7e-m+fp/hard\libc_nano.a(lib_a-findfp.o)
                0x00001e28                _cleanup_r

.text.__locale_mb_cur_max%95
                0x00001e34        0xc
 .text.__locale_mb_cur_max
                0x00001e34        0xc c:/program files/microchip/xc32/v3.00/bin/bin/../../lib/gcc/pic32c/8.3.1/../../../../pic32c/lib/thumb/v7e-m+fp/hard\libc_nano.a(lib_a-locale.o)
                0x00001e34                __locale_mb_cur_max

.text.fstat%96  0x00001e40        0xc
 .text.fstat    0x00001e40        0xc c:/program files/microchip/xc32/v3.00/bin/bin/../../lib/gcc/pic32c/8.3.1/../../../../pic32c/lib/thumb/v7e-m+fp/hard\libpic32c.a(fstat.o)
                0x00001e40                fstat

.rodata%97      0x00001e4c        0xb
 .rodata        0x00001e4c        0xb c:/program files/microchip/xc32/v3.00/bin/bin/../../lib/gcc/pic32c/8.3.1/../../../../pic32c/lib/thumb/v7e-m+fp/hard\libc_nano.a(lib_a-locale.o)

.text.DMAC_0_InterruptHandler%98
                0x00001e58        0xa
 .text.DMAC_0_InterruptHandler
                0x00001e58        0xa build/sam_e51_cnano/production/_ext/831021835/plib_dmac.o
                0x00001e58                DMAC_0_InterruptHandler

.text.__sclose%99
                0x00001038        0x8
 .text.__sclose
                0x00001038        0x8 c:/program files/microchip/xc32/v3.00/bin/bin/../../lib/gcc/pic32c/8.3.1/../../../../pic32c/lib/thumb/v7e-m+fp/hard\libc_nano.a(lib_a-stdio.o)
                0x00001038                __sclose

.text.close%100
                0x00001e64        0x8
 .text.close    0x00001e64        0x8 c:/program files/microchip/xc32/v3.00/bin/bin/../../lib/gcc/pic32c/8.3.1/../../../../pic32c/lib/thumb/v7e-m+fp/hard\libpic32c.a(close.o)
                0x00001e64                close

.text._mon_getc%101
                0x00001e6c        0x4
 .text._mon_getc
                0x00001e6c        0x4 build/sam_e51_cnano/production/_ext/865175840/xc32_monitor.o
                0x00001e6c                _mon_getc

.rodata._global_impure_ptr%102
                0x00001e70        0x4
 .rodata._global_impure_ptr
                0x00001e70        0x4 c:/program files/microchip/xc32/v3.00/bin/bin/../../lib/gcc/pic32c/8.3.1/../../../../pic32c/lib/thumb/v7e-m+fp/hard\libc_nano.a(lib_a-impure.o)
                0x00001e70                _global_impure_ptr

.text._close%103
                0x00001e74        0x4
 .text._close   0x00001e74        0x4 c:/program files/microchip/xc32/v3.00/bin/bin/../../lib/gcc/pic32c/8.3.1/../../../../pic32c/lib/thumb/v7e-m+fp/hard\libpic32c.a(_close.o)
                0x00001e74                _close

.text._fstat%104
                0x00001e78        0x4
 .text._fstat   0x00001e78        0x4 c:/program files/microchip/xc32/v3.00/bin/bin/../../lib/gcc/pic32c/8.3.1/../../../../pic32c/lib/thumb/v7e-m+fp/hard\libpic32c.a(_fstat.o)
                0x00001e78                _fstat

.text._isatty%105
                0x00001e7c        0x4
 .text._isatty  0x00001e7c        0x4 c:/program files/microchip/xc32/v3.00/bin/bin/../../lib/gcc/pic32c/8.3.1/../../../../pic32c/lib/thumb/v7e-m+fp/hard\libpic32c.a(_isatty.o)
                0x00001e7c                _isatty

.text._lseek%106
                0x00001e80        0x4
 .text._lseek   0x00001e80        0x4 c:/program files/microchip/xc32/v3.00/bin/bin/../../lib/gcc/pic32c/8.3.1/../../../../pic32c/lib/thumb/v7e-m+fp/hard\libpic32c.a(_lseek.o)
                0x00001e80                _lseek

.text._read%107
                0x00001e84        0x4
 .text._read    0x00001e84        0x4 c:/program files/microchip/xc32/v3.00/bin/bin/../../lib/gcc/pic32c/8.3.1/../../../../pic32c/lib/thumb/v7e-m+fp/hard\libpic32c.a(_read.o)
                0x00001e84                _read

.text._write%108
                0x00001e88        0x4
 .text._write   0x00001e88        0x4 c:/program files/microchip/xc32/v3.00/bin/bin/../../lib/gcc/pic32c/8.3.1/../../../../pic32c/lib/thumb/v7e-m+fp/hard\libpic32c.a(_write.o)
                0x00001e88                _write

.text.isatty%109
                0x00001e8c        0x4
 .text.isatty   0x00001e8c        0x4 c:/program files/microchip/xc32/v3.00/bin/bin/../../lib/gcc/pic32c/8.3.1/../../../../pic32c/lib/thumb/v7e-m+fp/hard\libpic32c.a(isatty.o)
                0x00001e8c                isatty

.text.lseek%110
                0x00001e90        0x4
 .text.lseek    0x00001e90        0x4 c:/program files/microchip/xc32/v3.00/bin/bin/../../lib/gcc/pic32c/8.3.1/../../../../pic32c/lib/thumb/v7e-m+fp/hard\libpic32c.a(lseek.o)
                0x00001e90                lseek

.text.EVSYS_Initialize%111
                0x00001432        0x2
 .text.EVSYS_Initialize
                0x00001432        0x2 build/sam_e51_cnano/production/_ext/9336626/plib_evsys.o
                0x00001432                EVSYS_Initialize

.text._mon_putc%112
                0x0000173e        0x2
 .text._mon_putc
                0x0000173e        0x2 build/sam_e51_cnano/production/_ext/865175840/xc32_monitor.o
                0x0000173e                _mon_putc

.text.Dummy_App_Func%113
                0x00001a3a        0x2
 .text.Dummy_App_Func
                0x00001a3a        0x2 build/sam_e51_cnano/production/_ext/570918426/startup_xc32.o
                0x00001a3a                _on_reset
                0x00001a3a                _on_bootstrap
                0x00001a3a                __xc32_on_reset
                0x00001a3a                Dummy_App_Func
                0x00001a3a                __xc32_on_bootstrap

.text.NonMaskableInt_Handler%114
                0x00001caa        0x2
 .text.NonMaskableInt_Handler
                0x00001caa        0x2 build/sam_e51_cnano/production/_ext/570918426/exceptions.o
                0x00001caa                NonMaskableInt_Handler

.text.HardFault_Handler%115
                0x00001d42        0x2
 .text.HardFault_Handler
                0x00001d42        0x2 build/sam_e51_cnano/production/_ext/570918426/exceptions.o
                0x00001d42                HardFault_Handler

.text.DebugMonitor_Handler%116
                0x00001e62        0x2
 .text.DebugMonitor_Handler
                0x00001e62        0x2 build/sam_e51_cnano/production/_ext/570918426/exceptions.o
                0x00001e62                DebugMonitor_Handler

.text.MemoryManagement_Handler%117
                0x00001dbe        0x2
 .text.MemoryManagement_Handler
                0x00001dbe        0x2 build/sam_e51_cnano/production/_ext/570918426/exceptions.o
                0x00001dbe                MemoryManagement_Handler

.text.BusFault_Handler%118
                0x00001e94        0x2
 .text.BusFault_Handler
                0x00001e94        0x2 build/sam_e51_cnano/production/_ext/570918426/exceptions.o
                0x00001e94                BusFault_Handler

.text.UsageFault_Handler%119
                0x00001e96        0x2
 .text.UsageFault_Handler
                0x00001e96        0x2 build/sam_e51_cnano/production/_ext/570918426/exceptions.o
                0x00001e96                UsageFault_Handler

.text.Dummy_Handler%120
                0x00001e98        0x2
 .text.Dummy_Handler
                0x00001e98        0x2 build/sam_e51_cnano/production/_ext/570918426/interrupts.o
                0x00001e98                EIC_EXTINT_9_Handler
                0x00001e98                TCC0_MC5_Handler
                0x00001e98                SVCall_Handler
                0x00001e98                SERCOM0_2_Handler
                0x00001e98                USB_SOF_HSOF_Handler
                0x00001e98                TCC4_OTHER_Handler
                0x00001e98                TCC2_MC2_Handler
                0x00001e98                EVSYS_0_Handler
                0x00001e98                TRNG_Handler
                0x00001e98                TC2_Handler
                0x00001e98                USB_TRCPT0_Handler
                0x00001e98                DAC_OTHER_Handler
                0x00001e98                AC_Handler
                0x00001e98                DAC_EMPTY_0_Handler
                0x00001e98                DMAC_OTHER_Handler
                0x00001e98                EIC_EXTINT_5_Handler
                0x00001e98                SERCOM3_1_Handler
                0x00001e98                SysTick_Handler
                0x00001e98                SERCOM4_OTHER_Handler
                0x00001e98                SERCOM3_2_Handler
                0x00001e98                EIC_EXTINT_6_Handler
                0x00001e98                PendSV_Handler
                0x00001e98                TCC4_MC0_Handler
                0x00001e98                EVSYS_3_Handler
                0x00001e98                QSPI_Handler
                0x00001e98                TCC2_MC0_Handler
                0x00001e98                PDEC_OTHER_Handler
                0x00001e98                TCC3_MC0_Handler
                0x00001e98                PDEC_MC1_Handler
                0x00001e98                TCC2_MC1_Handler
                0x00001e98                OSCCTRL_XOSC1_Handler
                0x00001e98                PDEC_MC0_Handler
                0x00001e98                EIC_EXTINT_4_Handler
                0x00001e98                EIC_EXTINT_7_Handler
                0x00001e98                SERCOM0_OTHER_Handler
                0x00001e98                EVSYS_OTHER_Handler
                0x00001e98                SERCOM0_0_Handler
                0x00001e98                SERCOM4_0_Handler
                0x00001e98                TCC1_MC0_Handler
                0x00001e98                SERCOM1_OTHER_Handler
                0x00001e98                TCC2_OTHER_Handler
                0x00001e98                EIC_EXTINT_11_Handler
                0x00001e98                SUPC_BODDET_Handler
                0x00001e98                EIC_EXTINT_14_Handler
                0x00001e98                OSC32KCTRL_Handler
                0x00001e98                EVSYS_1_Handler
                0x00001e98                TCC4_MC1_Handler
                0x00001e98                SUPC_OTHER_Handler
                0x00001e98                WDT_Handler
                0x00001e98                CAN0_Handler
                0x00001e98                EIC_EXTINT_1_Handler
                0x00001e98                TCC3_MC1_Handler
                0x00001e98                SERCOM5_0_Handler
                0x00001e98                TC4_Handler
                0x00001e98                TC1_Handler